ARM Linker, 5.03 [Build 76] [MDK-ARM Lite]

==============================================================================

Section Cross References

    system_stm32f4xx.o(.text) refers to system_stm32f4xx.o(.data) for SystemCoreClock
    startup_stm32f4xx.o(RESET) refers to startup_stm32f4xx.o(STACK) for __initial_sp
    startup_stm32f4xx.o(RESET) refers to startup_stm32f4xx.o(.text) for Reset_Handler
    startup_stm32f4xx.o(RESET) refers to hal_cm4.o(.emb_text) for SVC_Handler
    startup_stm32f4xx.o(RESET) refers to main.o(.text) for EXTI0_IRQHandler
    startup_stm32f4xx.o(.text) refers to system_stm32f4xx.o(.text) for SystemInit
    startup_stm32f4xx.o(.text) refers to entry.o(.ARM.Collect$$$$00000000) for __main
    rtx_conf_cm.o(.ARM.Collect$$$$000000FF) refers to rt_cmsis.o(i.osKernelStart) for osKernelStart
    rtx_conf_cm.o(.ARM.Collect$$$$000000FF) refers to rtx_conf_cm.o(.constdata) for .constdata
    rtx_conf_cm.o(.constdata) refers to rt_cmsis.o(i.osTimerThread) for osTimerThread
    rtx_conf_cm.o(.constdata) refers to rtx_conf_cm.o(.bss) for os_messageQ_q_osTimerMessageQ
    rtx_conf_cm.o(.constdata) refers to main.o(.text) for main
    main.o(.text) refers to project_pwm.o(.text) for init_TIM4
    main.o(.text) refers to project_init.o(.text) for init_LEDS_PWM
    main.o(.text) refers to project_servo.o(.text) for init_servo
    main.o(.text) refers to project_robot.o(.text) for init_robot
    main.o(.text) refers to project_magnet.o(.text) for init_magnet
    main.o(.text) refers to project_receiver.o(.text) for init_receiver
    main.o(.text) refers to project_pushbutton.o(.text) for init_pushbutton
    main.o(.text) refers to rt_cmsis.o(i.osThreadCreate) for osThreadCreate
    main.o(.text) refers to rt_cmsis.o(i.osDelay) for osDelay
    main.o(.text) refers to rand.o(.text) for rand
    main.o(.text) refers to rt_cmsis.o(i.osMutexWait) for osMutexWait
    main.o(.text) refers to rt_cmsis.o(i.osMutexRelease) for osMutexRelease
    main.o(.text) refers to stm32f4xx_gpio.o(.text) for GPIO_SetBits
    main.o(.text) refers to stm32f4xx_tim.o(.text) for TIM_GetITStatus
    main.o(.text) refers to rt_cmsis.o(i.osSignalSet) for osSignalSet
    main.o(.text) refers to stm32f4xx_exti.o(.text) for EXTI_GetITStatus
    main.o(.text) refers to main.o(.bss) for boomServo
    main.o(.text) refers to main.o(.data) for tid_thread_receiver
    main.o(.text) refers to main.o(.constdata) for os_thread_def_armThread
    main.o(.constdata) refers to main.o(.text) for armThread
    project_init.o(.text) refers to stm32f4xx_rcc.o(.text) for RCC_AHB1PeriphClockCmd
    project_init.o(.text) refers to stm32f4xx_gpio.o(.text) for GPIO_Init
    project_init.o(.text) refers to stm32f4xx_syscfg.o(.text) for SYSCFG_EXTILineConfig
    project_init.o(.text) refers to stm32f4xx_exti.o(.text) for EXTI_StructInit
    project_init.o(.text) refers to misc.o(.text) for NVIC_Init
    project_init.o(.text) refers to stm32f4xx_tim.o(.text) for TIM_TimeBaseInit
    project_init.o(.text) refers to system_stm32f4xx.o(.data) for SystemCoreClock
    project_servo.o(.text) refers to rt_cmsis.o(i.osThreadCreate) for osThreadCreate
    project_servo.o(.text) refers to rt_cmsis.o(i.osMutexCreate) for osMutexCreate
    project_servo.o(.text) refers to rt_cmsis.o(i.osMutexWait) for osMutexWait
    project_servo.o(.text) refers to rt_cmsis.o(i.osMutexRelease) for osMutexRelease
    project_servo.o(.text) refers to rt_cmsis.o(i.osDelay) for osDelay
    project_servo.o(.text) refers to project_servo.o(.constdata) for .constdata
    project_servo.o(.constdata) refers to project_servo.o(.text) for servoThread
    project_pwm.o(.text) refers to stm32f4xx_rcc.o(.text) for RCC_APB1PeriphClockCmd
    project_pwm.o(.text) refers to stm32f4xx_tim.o(.text) for TIM_TimeBaseInit
    project_pwm.o(.text) refers to system_stm32f4xx.o(.data) for SystemCoreClock
    project_magnet.o(.text) refers to stm32f4xx_rcc.o(.text) for RCC_AHB1PeriphClockCmd
    project_magnet.o(.text) refers to stm32f4xx_gpio.o(.text) for GPIO_Init
    project_robot.o(.text) refers to project_servo.o(.text) for waitUntilServoStopped
    project_receiver.o(.text) refers to cc2500.o(.text) for CC2500_Init
    project_receiver.o(.text) refers to rt_cmsis.o(i.osThreadCreate) for osThreadCreate
    project_receiver.o(.text) refers to rt_cmsis.o(i.osMutexCreate) for osMutexCreate
    project_receiver.o(.text) refers to rt_cmsis.o(i.osMutexWait) for osMutexWait
    project_receiver.o(.text) refers to rt_cmsis.o(i.osMutexRelease) for osMutexRelease
    project_receiver.o(.text) refers to rt_cmsis.o(i.osSignalWait) for osSignalWait
    project_receiver.o(.text) refers to project_receiver.o(.constdata) for .constdata
    project_receiver.o(.constdata) refers to project_receiver.o(.text) for receiverThread
    project_pushbutton.o(.text) refers to rt_cmsis.o(i.osThreadCreate) for osThreadCreate
    project_pushbutton.o(.text) refers to rt_cmsis.o(i.osMutexCreate) for osMutexCreate
[...]
    ..\STM32F4xx_StdPeriph_Driver\src\stm32f4xx_spi.c 0x00000000   Number         0  stm32f4xx_spi.o ABSOLUTE
    ..\STM32F4xx_StdPeriph_Driver\src\stm32f4xx_syscfg.c 0x00000000   Number         0  stm32f4xx_syscfg.o ABSOLUTE
    ..\STM32F4xx_StdPeriph_Driver\src\stm32f4xx_tim.c 0x00000000   Number         0  stm32f4xx_tim.o ABSOLUTE
    ..\STM32F4xx_StdPeriph_Driver\src\stm32f4xx_usart.c 0x00000000   Number         0  stm32f4xx_usart.o ABSOLUTE
    ..\STM32F4xx_StdPeriph_Driver\src\stm32f4xx_wwdg.c 0x00000000   Number         0  stm32f4xx_wwdg.o ABSOLUTE
    ..\\CC2500\\src\\CC2500.c                0x00000000   Number         0  cc2500.o ABSOLUTE
    ..\\LIS302DL\\src\\stm32f4_discovery_lis302dl.c 0x00000000   Number         0  stm32f4_discovery_lis302dl.o ABSOLUTE
    ..\\STM32F4xx_StdPeriph_Driver\\src\\misc.c 0x00000000   Number         0  misc.o ABSOLUTE
    ..\\STM32F4xx_StdPeriph_Driver\\src\\stm32f4xx_adc.c 0x00000000   Number         0  stm32f4xx_adc.o ABSOLUTE
    ..\\STM32F4xx_StdPeriph_Driver\\src\\stm32f4xx_can.c 0x00000000   Number         0  stm32f4xx_can.o ABSOLUTE
    ..\\STM32F4xx_StdPeriph_Driver\\src\\stm32f4xx_crc.c 0x00000000   Number         0  stm32f4xx_crc.o ABSOLUTE
    ..\\STM32F4xx_StdPeriph_Driver\\src\\stm32f4xx_cryp.c 0x00000000   Number         0  stm32f4xx_cryp.o ABSOLUTE
    ..\\STM32F4xx_StdPeriph_Driver\\src\\stm32f4xx_cryp_aes.c 0x00000000   Number         0  stm32f4xx_cryp_aes.o ABSOLUTE
    ..\\STM32F4xx_StdPeriph_Driver\\src\\stm32f4xx_cryp_des.c 0x00000000   Number         0  stm32f4xx_cryp_des.o ABSOLUTE
    ..\\STM32F4xx_StdPeriph_Driver\\src\\stm32f4xx_cryp_tdes.c 0x00000000   Number         0  stm32f4xx_cryp_tdes.o ABSOLUTE
    ..\\STM32F4xx_StdPeriph_Driver\\src\\stm32f4xx_dac.c 0x00000000   Number         0  stm32f4xx_dac.o ABSOLUTE
    ..\\STM32F4xx_StdPeriph_Driver\\src\\stm32f4xx_dbgmcu.c 0x00000000   Number         0  stm32f4xx_dbgmcu.o ABSOLUTE
    ..\\STM32F4xx_StdPeriph_Driver\\src\\stm32f4xx_dcmi.c 0x00000000   Number         0  stm32f4xx_dcmi.o ABSOLUTE
    ..\\STM32F4xx_StdPeriph_Driver\\src\\stm32f4xx_dma.c 0x00000000   Number         0  stm32f4xx_dma.o ABSOLUTE
    ..\\STM32F4xx_StdPeriph_Driver\\src\\stm32f4xx_exti.c 0x00000000   Number         0  stm32f4xx_exti.o ABSOLUTE
    ..\\STM32F4xx_StdPeriph_Driver\\src\\stm32f4xx_flash.c 0x00000000   Number         0  stm32f4xx_flash.o ABSOLUTE
    ..\\STM32F4xx_StdPeriph_Driver\\src\\stm32f4xx_fsmc.c 0x00000000   Number         0  stm32f4xx_fsmc.o ABSOLUTE
    ..\\STM32F4xx_StdPeriph_Driver\\src\\stm32f4xx_gpio.c 0x00000000   Number         0  stm32f4xx_gpio.o ABSOLUTE
    ..\\STM32F4xx_StdPeriph_Driver\\src\\stm32f4xx_hash.c 0x00000000   Number         0  stm32f4xx_hash.o ABSOLUTE
    ..\\STM32F4xx_StdPeriph_Driver\\src\\stm32f4xx_hash_md5.c 0x00000000   Number         0  stm32f4xx_hash_md5.o ABSOLUTE
    ..\\STM32F4xx_StdPeriph_Driver\\src\\stm32f4xx_hash_sha1.c 0x00000000   Number         0  stm32f4xx_hash_sha1.o ABSOLUTE
    ..\\STM32F4xx_StdPeriph_Driver\\src\\stm32f4xx_i2c.c 0x00000000   Number         0  stm32f4xx_i2c.o ABSOLUTE
    ..\\STM32F4xx_StdPeriph_Driver\\src\\stm32f4xx_iwdg.c 0x00000000   Number         0  stm32f4xx_iwdg.o ABSOLUTE
    ..\\STM32F4xx_StdPeriph_Driver\\src\\stm32f4xx_pwr.c 0x00000000   Number         0  stm32f4xx_pwr.o ABSOLUTE
    ..\\STM32F4xx_StdPeriph_Driver\\src\\stm32f4xx_rcc.c 0x00000000   Number         0  stm32f4xx_rcc.o ABSOLUTE
    ..\\STM32F4xx_StdPeriph_Driver\\src\\stm32f4xx_rng.c 0x00000000   Number         0  stm32f4xx_rng.o ABSOLUTE
    ..\\STM32F4xx_StdPeriph_Driver\\src\\stm32f4xx_rtc.c 0x00000000   Number         0  stm32f4xx_rtc.o ABSOLUTE
    ..\\STM32F4xx_StdPeriph_Driver\\src\\stm32f4xx_sdio.c 0x00000000   Number         0  stm32f4xx_sdio.o ABSOLUTE
    ..\\STM32F4xx_StdPeriph_Driver\\src\\stm32f4xx_spi.c 0x00000000   Number         0  stm32f4xx_spi.o ABSOLUTE
    ..\\STM32F4xx_StdPeriph_Driver\\src\\stm32f4xx_syscfg.c 0x00000000   Number         0  stm32f4xx_syscfg.o ABSOLUTE
    ..\\STM32F4xx_StdPeriph_Driver\\src\\stm32f4xx_tim.c 0x00000000   Number         0  stm32f4xx_tim.o ABSOLUTE
    ..\\STM32F4xx_StdPeriph_Driver\\src\\stm32f4xx_usart.c 0x00000000   Number         0  stm32f4xx_usart.o ABSOLUTE
    ..\\STM32F4xx_StdPeriph_Driver\\src\\stm32f4xx_wwdg.c 0x00000000   Number         0  stm32f4xx_wwdg.o ABSOLUTE
    ..\\rt_CMSIS.c                           0x00000000   Number         0  rt_cmsis.o ABSOLUTE
    ..\\rt_System.c                          0x00000000   Number         0  rt_system.o ABSOLUTE
    ..\main.c                                0x00000000   Number         0  main.o ABSOLUTE
    ..\rt_CMSIS.c                            0x00000000   Number         0  rt_cmsis.o ABSOLUTE
    ..\rt_Event.c                            0x00000000   Number         0  rt_event.o ABSOLUTE
    ..\rt_List.c                             0x00000000   Number         0  rt_list.o ABSOLUTE
    ..\rt_Mailbox.c                          0x00000000   Number         0  rt_mailbox.o ABSOLUTE
    ..\rt_MemBox.c                           0x00000000   Number         0  rt_membox.o ABSOLUTE
    ..\rt_Memory.c                           0x00000000   Number         0  rt_memory.o ABSOLUTE
    ..\rt_Mutex.c                            0x00000000   Number         0  rt_mutex.o ABSOLUTE
    ..\rt_Robin.c                            0x00000000   Number         0  rt_robin.o ABSOLUTE
    ..\rt_Semaphore.c                        0x00000000   Number         0  rt_semaphore.o ABSOLUTE
    ..\rt_System.c                           0x00000000   Number         0  rt_system.o ABSOLUTE
    ..\rt_Task.c                             0x00000000   Number         0  rt_task.o ABSOLUTE
    ..\rt_Time.c                             0x00000000   Number         0  rt_time.o ABSOLUTE
    ..\system_stm32f4xx.c                    0x00000000   Number         0  system_stm32f4xx.o ABSOLUTE
    HAL_CM4.c                                0x00000000   Number         0  hal_cm4.o ABSOLUTE
    HAL_CM4.c                                0x00000000   Number         0  hal_cm4.o ABSOLUTE
    SVC_Table.s                              0x00000000   Number         0  SVC_Table.o ABSOLUTE
    dc.s                                     0x00000000   Number         0  dc.o ABSOLUTE
    handlers.s                               0x00000000   Number         0  handlers.o ABSOLUTE
    init.s                                   0x00000000   Number         0  init.o ABSOLUTE
    src\\project_init.c                      0x00000000   Number         0  project_init.o ABSOLUTE
    src\\project_magnet.c                    0x00000000   Number         0  project_magnet.o ABSOLUTE
    src\\project_pushbutton.c                0x00000000   Number         0  project_pushbutton.o ABSOLUTE
    src\\project_pwm.c                       0x00000000   Number         0  project_pwm.o ABSOLUTE
    src\\project_receiver.c                  0x00000000   Number         0  project_receiver.o ABSOLUTE
    src\\project_robot.c                     0x00000000   Number         0  project_robot.o ABSOLUTE
    src\\project_servo.c                     0x00000000   Number         0  project_servo.o ABSOLUTE
    src\\project_transmitter.c               0x00000000   Number         0  project_transmitter.o ABSOLUTE
    src\project_init.c                       0x00000000   Number         0  project_init.o ABSOLUTE
    src\project_magnet.c                     0x00000000   Number         0  project_magnet.o ABSOLUTE
    src\project_pushbutton.c                 0x00000000   Number         0  project_pushbutton.o ABSOLUTE
    src\project_pwm.c                        0x00000000   Number         0  project_pwm.o ABSOLUTE
    src\project_receiver.c                   0x00000000   Number         0  project_receiver.o ABSOLUTE
    src\project_robot.c                      0x00000000   Number         0  project_robot.o ABSOLUTE
    src\project_servo.c                      0x00000000   Number         0  project_servo.o ABSOLUTE
    src\project_transmitter.c                0x00000000   Number         0  project_transmitter.o ABSOLUTE
    RESET                                    0x08000000   Section      392  startup_stm32f4xx.o(RESET)
    .ARM.Collect$$$$00000000                 0x08000188   Section        0  entry.o(.ARM.Collect$$$$00000000)
    .ARM.Collect$$$$00000001                 0x08000188   Section        4  entry2.o(.ARM.Collect$$$$00000001)
    .ARM.Collect$$$$00000004                 0x0800018c   Section        4  entry5.o(.ARM.Collect$$$$00000004)
    .ARM.Collect$$$$00000008                 0x08000190   Section        0  entry7b.o(.ARM.Collect$$$$00000008)
    .ARM.Collect$$$$0000000A                 0x08000190   Section        0  entry8b.o(.ARM.Collect$$$$0000000A)
    .ARM.Collect$$$$0000000D                 0x08000190   Section        0  entry10a.o(.ARM.Collect$$$$0000000D)
    .ARM.Collect$$$$0000000F                 0x08000190   Section        0  entry11a.o(.ARM.Collect$$$$0000000F)
    .ARM.Collect$$$$000000FF                 0x08000190   Section        0  rtx_conf_cm.o(.ARM.Collect$$$$000000FF)
    .ARM.Collect$$$$00002712                 0x080001a0   Section        4  entry2.o(.ARM.Collect$$$$00002712)
    __lit__00000000                          0x080001a0   Data           4  entry2.o(.ARM.Collect$$$$00002712)
    .emb_text                                0x080001a4   Section      372  hal_cm4.o(.emb_text)
    $v0                                      0x080001a4   Number         0  hal_cm4.o(.emb_text)
    .text                                    0x08000318   Section        0  system_stm32f4xx.o(.text)
    SetSysClock                              0x08000319   Thumb Code   218  system_stm32f4xx.o(.text)
    .text                                    0x08000524   Section       36  startup_stm32f4xx.o(.text)
    $v0                                      0x08000524   Number         0  startup_stm32f4xx.o(.text)
    .text                                    0x08000548   Section        0  rtx_conf_cm.o(.text)
    .text                                    0x08000550   Section        0  main.o(.text)
    .text                                    0x08000968   Section        0  project_init.o(.text)
    .text                                    0x08000af4   Section        0  project_servo.o(.text)
    update_position                          0x08000af5   Thumb Code   116  project_servo.o(.text)
    .text                                    0x08000ca0   Section        0  project_pwm.o(.text)
    .text                                    0x08000d48   Section        0  project_magnet.o(.text)
    .text                                    0x08000dc6   Section        0  project_robot.o(.text)
    updateRobotPosition                      0x08000dc7   Thumb Code   304  project_robot.o(.text)
    .text                                    0x08000fd8   Section        0  project_receiver.o(.text)
    .text                                    0x0800107c   Section        0  project_pushbutton.o(.text)
    .text                                    0x08001108   Section        0  misc.o(.text)
    .text                                    0x080011ec   Section        0  stm32f4xx_exti.o(.text)
    .text                                    0x08001308   Section        0  stm32f4xx_gpio.o(.text)
    .text                                    0x08001564   Section        0  stm32f4xx_rcc.o(.text)
    .text                                    0x08001aec   Section        0  stm32f4xx_spi.o(.text)
    .text                                    0x08001ee0   Section        0  stm32f4xx_syscfg.o(.text)
    .text                                    0x08001f6c   Section        0  stm32f4xx_tim.o(.text)
    TI4_Config                               0x0800270b   Thumb Code    80  stm32f4xx_tim.o(.text)
    TI3_Config                               0x0800276d   Thumb Code    72  stm32f4xx_tim.o(.text)
    TI2_Config                               0x080027cf   Thumb Code    90  stm32f4xx_tim.o(.text)
    TI1_Config                               0x0800283b   Thumb Code    58  stm32f4xx_tim.o(.text)
    .text                                    0x08002c10   Section        0  cc2500.o(.text)
    CC2500_LowLevel_Init                     0x08002c11   Thumb Code   234  cc2500.o(.text)
    CC2500_SendByte                          0x08002d07   Thumb Code   126  cc2500.o(.text)
    .text                                    0x080032bc   Section        0  rand.o(.text)
    .text                                    0x080032e0   Section       36  init.o(.text)
    SVC_TABLE                                0x08003304   Section        4  SVC_Table.o(SVC_TABLE)
    i.__scatterload_copy                     0x08003308   Section       14  handlers.o(i.__scatterload_copy)
    i.__scatterload_null                     0x08003316   Section        2  handlers.o(i.__scatterload_null)
    i.__scatterload_zeroinit                 0x08003318   Section       14  handlers.o(i.__scatterload_zeroinit)
    i._init_box                              0x08003326   Section        0  rt_membox.o(i._init_box)
    i.dbg_init                               0x0800336c   Section        0  hal_cm.o(i.dbg_init)
    i.dbg_task_notify                        0x0800339c   Section        0  hal_cm.o(i.dbg_task_notify)
    i.dbg_task_switch                        0x080033bc   Section        0  hal_cm.o(i.dbg_task_switch)
    i.isrMessagePut                          0x080033cc   Section        0  rt_cmsis.o(i.isrMessagePut)
    isrMessagePut                            0x080033cd   Thumb Code    44  rt_cmsis.o(i.isrMessagePut)
    i.isr_evt_set                            0x080033f8   Section        0  rt_event.o(i.isr_evt_set)
    i.isr_mbx_receive                        0x08003420   Section        0  rt_mailbox.o(i.isr_mbx_receive)
    i.isr_mbx_send                           0x08003470   Section        0  rt_mailbox.o(i.isr_mbx_send)
    i.osDelay                                0x08003480   Section        0  rt_cmsis.o(i.osDelay)
    i.osKernelStart                          0x08003498   Section        0  rt_cmsis.o(i.osKernelStart)
    i.osMessageGet                           0x08003500   Section        0  rt_cmsis.o(i.osMessageGet)
    i.osMutexCreate                          0x08003544   Section        0  rt_cmsis.o(i.osMutexCreate)
    i.osMutexRelease                         0x0800355c   Section        0  rt_cmsis.o(i.osMutexRelease)
    i.osMutexWait                            0x08003574   Section        0  rt_cmsis.o(i.osMutexWait)
    i.osSignalClear                          0x0800358c   Section        0  rt_cmsis.o(i.osSignalClear)
    i.osSignalSet                            0x080035a4   Section        0  rt_cmsis.o(i.osSignalSet)
    i.osSignalWait                           0x080035d8   Section        0  rt_cmsis.o(i.osSignalWait)
    i.osThreadCreate                         0x080035f0   Section        0  rt_cmsis.o(i.osThreadCreate)
    i.osThreadExit                           0x08003608   Section        0  rt_cmsis.o(i.osThreadExit)
    i.osTimerCall                            0x08003620   Section        0  rt_cmsis.o(i.osTimerCall)
    i.osTimerThread                          0x0800362c   Section        0  rt_cmsis.o(i.osTimerThread)
    i.rt_alloc_box                           0x08003658   Section        0  rt_membox.o(i.rt_alloc_box)
    i.rt_alloc_mem                           0x08003674   Section        0  rt_memory.o(i.rt_alloc_mem)
    i.rt_block                               0x080036b0   Section        0  rt_task.o(i.rt_block)
    i.rt_chk_robin                           0x080036e8   Section        0  rt_robin.o(i.rt_chk_robin)
    i.rt_dec_dly                             0x08003730   Section        0  rt_list.o(i.rt_dec_dly)
    i.rt_dispatch                            0x080037a0   Section        0  rt_task.o(i.rt_dispatch)
    i.rt_dly_wait                            0x080037e4   Section        0  rt_time.o(i.rt_dly_wait)
    i.rt_evt_clr                             0x080037ec   Section        0  rt_event.o(i.rt_evt_clr)
    i.rt_evt_psh                             0x08003808   Section        0  rt_event.o(i.rt_evt_psh)
    i.rt_evt_set                             0x08003858   Section        0  rt_event.o(i.rt_evt_set)
    i.rt_evt_wait                            0x080038b4   Section        0  rt_event.o(i.rt_evt_wait)
    i.rt_free_box                            0x080038f4   Section        0  rt_membox.o(i.rt_free_box)
    i.rt_free_mem                            0x08003914   Section        0  rt_memory.o(i.rt_free_mem)
    i.rt_get_first                           0x0800393c   Section        0  rt_list.o(i.rt_get_first)
    i.rt_id2obj                              0x08003964   Section        0  rt_cmsis.o(i.rt_id2obj)
    rt_id2obj                                0x08003965   Thumb Code     8  rt_cmsis.o(i.rt_id2obj)
    i.rt_init_context                        0x0800396c   Section        0  rt_task.o(i.rt_init_context)
    rt_init_context                          0x0800396d   Thumb Code    60  rt_task.o(i.rt_init_context)
    i.rt_init_mem                            0x080039ac   Section        0  rt_memory.o(i.rt_init_mem)
    i.rt_init_robin                          0x080039c8   Section        0  rt_robin.o(i.rt_init_robin)
    i.rt_init_stack                          0x080039e0   Section        0  hal_cm.o(i.rt_init_stack)
    i.rt_mbx_check                           0x08003a30   Section        0  rt_mailbox.o(i.rt_mbx_check)
    i.rt_mbx_init                            0x08003a38   Section        0  rt_mailbox.o(i.rt_mbx_init)
    i.rt_mbx_psh                             0x08003a54   Section        0  rt_mailbox.o(i.rt_mbx_psh)
    i.rt_mbx_wait                            0x08003b50   Section        0  rt_mailbox.o(i.rt_mbx_wait)
    i.rt_ms2tick                             0x08003c04   Section        0  rt_cmsis.o(i.rt_ms2tick)
    rt_ms2tick                               0x08003c05   Thumb Code    50  rt_cmsis.o(i.rt_ms2tick)
    i.rt_mut_init                            0x08003c40   Section        0  rt_mutex.o(i.rt_mut_init)
    i.rt_mut_release                         0x08003c50   Section        0  rt_mutex.o(i.rt_mut_release)
    i.rt_mut_wait                            0x08003cf0   Section        0  rt_mutex.o(i.rt_mut_wait)
    i.rt_pop_req                             0x08003d54   Section        0  rt_system.o(i.rt_pop_req)
    i.rt_psh_req                             0x08003dcc   Section        0  rt_system.o(i.rt_psh_req)
    i.rt_psq_enq                             0x08003dec   Section        0  rt_list.o(i.rt_psq_enq)
    i.rt_put_dly                             0x08003e44   Section        0  rt_list.o(i.rt_put_dly)
    i.rt_put_prio                            0x08003ea0   Section        0  rt_list.o(i.rt_put_prio)
    i.rt_put_rdy_first                       0x08003ed8   Section        0  rt_list.o(i.rt_put_rdy_first)
    i.rt_resort_prio                         0x08003eec   Section        0  rt_list.o(i.rt_resort_prio)
    i.rt_ret_regs                            0x08003f20   Section        0  hal_cm.o(i.rt_ret_regs)
    rt_ret_regs                              0x08003f21   Thumb Code    16  hal_cm.o(i.rt_ret_regs)
    i.rt_ret_val                             0x08003f30   Section        0  hal_cm.o(i.rt_ret_val)
    i.rt_ret_val2                            0x08003f3c   Section        0  hal_cm.o(i.rt_ret_val2)
    i.rt_rmv_dly                             0x08003f4c   Section        0  rt_list.o(i.rt_rmv_dly)
    i.rt_rmv_list                            0x08003f74   Section        0  rt_list.o(i.rt_rmv_list)
    i.rt_sem_psh                             0x08003fa4   Section        0  rt_semaphore.o(i.rt_sem_psh)
    i.rt_stk_check                           0x08003fd8   Section        0  rt_system.o(i.rt_stk_check)
    i.rt_switch_req                          0x08003ffc   Section        0  rt_task.o(i.rt_switch_req)
    i.rt_sys_init                            0x08004024   Section        0  rt_task.o(i.rt_sys_init)
    i.rt_systick                             0x08004164   Section        0  rt_system.o(i.rt_systick)
    i.rt_tid2ptcb                            0x080041a0   Section        0  rt_cmsis.o(i.rt_tid2ptcb)
    rt_tid2ptcb                              0x080041a1   Thumb Code    18  rt_cmsis.o(i.rt_tid2ptcb)
    i.rt_timer_insert                        0x080041b4   Section        0  rt_cmsis.o(i.rt_timer_insert)
    rt_timer_insert                          0x080041b5   Thumb Code    56  rt_cmsis.o(i.rt_timer_insert)
    i.rt_tsk_create                          0x080041f0   Section        0  rt_task.o(i.rt_tsk_create)
    i.rt_tsk_delete                          0x08004270   Section        0  rt_task.o(i.rt_tsk_delete)
    i.rt_tsk_self                            0x0800431c   Section        0  rt_task.o(i.rt_tsk_self)
    i.svcDelay                               0x0800432c   Section        0  rt_cmsis.o(i.svcDelay)
    i.svcKernelStart                         0x08004340   Section        0  rt_cmsis.o(i.svcKernelStart)
    i.svcMessageCreate                       0x08004414   Section        0  rt_cmsis.o(i.svcMessageCreate)
    i.svcMessageGet                          0x08004438   Section        0  rt_cmsis.o(i.svcMessageGet)
    i.svcMutexCreate                         0x08004472   Section        0  rt_cmsis.o(i.svcMutexCreate)
    i.svcMutexRelease                        0x0800448e   Section        0  rt_cmsis.o(i.svcMutexRelease)
    i.svcMutexWait                           0x080044b0   Section        0  rt_cmsis.o(i.svcMutexWait)
    i.svcSignalClear                         0x080044e6   Section        0  rt_cmsis.o(i.svcSignalClear)
    i.svcSignalSet                           0x0800450a   Section        0  rt_cmsis.o(i.svcSignalSet)
    i.svcSignalWait                          0x08004530   Section        0  rt_cmsis.o(i.svcSignalWait)
    i.svcThreadCreate                        0x08004584   Section        0  rt_cmsis.o(i.svcThreadCreate)
    i.svcThreadGetId                         0x080045f4   Section        0  rt_cmsis.o(i.svcThreadGetId)
    i.svcThreadTerminate                     0x08004610   Section        0  rt_cmsis.o(i.svcThreadTerminate)
    i.svcTimerCall                           0x08004648   Section        0  rt_cmsis.o(i.svcTimerCall)
    i.sysTimerTick                           0x08004660   Section        0  rt_cmsis.o(i.sysTimerTick)
    .constdata                               0x080046b4   Section       88  rtx_conf_cm.o(.constdata)
    __tagsym$$used                           0x080046c8   Number         0  rtx_conf_cm.o(.constdata)
    __tagsym$$used                           0x080046cc   Number         0  rtx_conf_cm.o(.constdata)
    .constdata                               0x0800470c   Section       32  main.o(.constdata)
    .constdata                               0x0800472c   Section       16  project_servo.o(.constdata)
    .constdata                               0x0800473c   Section       16  project_receiver.o(.constdata)
    .constdata                               0x0800474c   Section       16  project_pushbutton.o(.constdata)
    .bss                                     0x10000000   Section     8696  rtx_conf_cm.o(.bss)
    .data                                    0x20000000   Section       20  system_stm32f4xx.o(.data)
    .data                                    0x20000014   Section       16  rtx_conf_cm.o(.data)
    .data                                    0x20000024   Section       12  main.o(.data)
    mode                                     0x20000024   Data           4  main.o(.data)
    tid_thread_pushbutton                    0x20000028   Data           4  main.o(.data)
    tid_thread_receiver                      0x2000002c   Data           4  main.o(.data)
    .data                                    0x20000030   Section       16  stm32f4xx_rcc.o(.data)
    APBAHBPrescTable                         0x20000030   Data          16  stm32f4xx_rcc.o(.data)
    .data                                    0x20000040   Section        4  cc2500.o(.data)
    .data                                    0x20000044   Section        4  rt_cmsis.o(.data)
    .data                                    0x20000048   Section        8  rt_task.o(.data)
    .data                                    0x20000050   Section        3  rt_system.o(.data)
    os_lock                                  0x20000050   Data           1  rt_system.o(.data)
    os_psh_flag                              0x20000051   Data           1  rt_system.o(.data)
    pend_flags                               0x20000052   Data           1  rt_system.o(.data)
    .data                                    0x20000054   Section        2  rt_time.o(.data)
    .data                                    0x20000056   Section        1  hal_cm.o(.data)
    .data                                    0x20000058   Section        8  rt_robin.o(.data)
    .data                                    0x20000060   Section        4  rand.o(.data)
    _rand_state                              0x20000060   Data           4  rand.o(.data)
    .bss                                     0x20000064   Section      164  main.o(.bss)
    boomServo                                0x20000064   Data          28  main.o(.bss)
    crowdServo                               0x20000080   Data          28  main.o(.bss)
    swingServo                               0x2000009c   Data          28  main.o(.bss)
    robot                                    0x200000b8   Data          36  main.o(.bss)
    magnet                                   0x200000dc   Data          16  main.o(.bss)
    receiver                                 0x200000ec   Data          16  main.o(.bss)
    pushbutton                               0x200000fc   Data          12  main.o(.bss)
    .bss                                     0x20000108   Section       48  rt_task.o(.bss)
    .bss                                     0x20000138   Section       48  rt_list.o(.bss)
    STACK                                    0x20000168   Section     1024  startup_stm32f4xx.o(STACK)

    Global Symbols

    Symbol Name                              Value     Ov Type        Size  Object(Section)

    BuildAttributes$$THM_ISAv4$E$P$D$K$B$S$7EM$VFPi3$EXTD16$VFPS$VFMA$PE$A:L22UL41UL21$X:L11$S22US41US21$IEEE1$IW$USESV6$~STKCKD$USESV7$~SHL$OSPACE$EBA8$MICROLIB$REQ8$PRES8$EABIv2 0x00000000   Number         0  anon$$obj.o ABSOLUTE
    __ARM_use_no_argv                        0x00000000   Number         0  main.o ABSOLUTE
    __cpp_initialize__aeabi_                  - Undefined Weak Reference
    __cxa_finalize                            - Undefined Weak Reference
    __decompress                              - Undefined Weak Reference
    _clock_init                               - Undefined Weak Reference
    _microlib_exit                            - Undefined Weak Reference
    __Vectors_Size                           0x00000188   Number         0  startup_stm32f4xx.o ABSOLUTE
    __RL_RTX_VER                             0x00000422   Number         0  rt_system.o ABSOLUTE
    __Vectors                                0x08000000   Data           4  startup_stm32f4xx.o(RESET)
    __Vectors_End                            0x08000188   Data           0  startup_stm32f4xx.o(RESET)
    __main                                   0x08000189   Thumb Code     0  entry.o(.ARM.Collect$$$$00000000)
    _main_stk                                0x08000189   Thumb Code     0  entry2.o(.ARM.Collect$$$$00000001)
    _main_scatterload                        0x0800018d   Thumb Code     0  entry5.o(.ARM.Collect$$$$00000004)
    __main_after_scatterload                 0x08000191   Thumb Code     0  entry5.o(.ARM.Collect$$$$00000004)
    __rt_final_cpp                           0x08000191   Thumb Code     0  entry10a.o(.ARM.Collect$$$$0000000D)
    __rt_final_exit                          0x08000191   Thumb Code     0  entry11a.o(.ARM.Collect$$$$0000000F)
    _main_clock                              0x08000191   Thumb Code     0  entry7b.o(.ARM.Collect$$$$00000008)
    _main_cpp_init                           0x08000191   Thumb Code     0  entry8b.o(.ARM.Collect$$$$0000000A)
    _main_init                               0x08000191   Thumb Code    10  rtx_conf_cm.o(.ARM.Collect$$$$000000FF)
    rt_set_PSP                               0x080001a5   Thumb Code     6  hal_cm4.o(.emb_text)
    os_set_env                               0x080001ab   Thumb Code    26  hal_cm4.o(.emb_text)
    _alloc_box                               0x080001c9   Thumb Code    28  hal_cm4.o(.emb_text)
    _free_box                                0x080001e9   Thumb Code    28  hal_cm4.o(.emb_text)
    SVC_Handler                              0x08000209   Thumb Code   152  hal_cm4.o(.emb_text)
    PendSV_Handler                           0x080002ad   Thumb Code     0  hal_cm4.o(.emb_text)
    Sys_Handler                              0x080002ad   Thumb Code   104  hal_cm4.o(.emb_text)
    SysTick_Handler                          0x0800030d   Thumb Code     0  hal_cm4.o(.emb_text)
    SystemInit                               0x080003f3   Thumb Code    88  system_stm32f4xx.o(.text)
    SystemCoreClockUpdate                    0x0800044b   Thumb Code   174  system_stm32f4xx.o(.text)
    Reset_Handler                            0x08000525   Thumb Code     8  startup_stm32f4xx.o(.text)
    NMI_Handler                              0x0800052d   Thumb Code     2  startup_stm32f4xx.o(.text)
    HardFault_Handler                        0x0800052f   Thumb Code     2  startup_stm32f4xx.o(.text)
    MemManage_Handler                        0x08000531   Thumb Code     2  startup_stm32f4xx.o(.text)
    BusFault_Handler                         0x08000533   Thumb Code     2  startup_stm32f4xx.o(.text)
    UsageFault_Handler                       0x08000535   Thumb Code     2  startup_stm32f4xx.o(.text)
    DebugMon_Handler                         0x08000539   Thumb Code     2  startup_stm32f4xx.o(.text)
    ADC_IRQHandler                           0x0800053f   Thumb Code     0  startup_stm32f4xx.o(.text)
    CAN1_RX0_IRQHandler                      0x0800053f   Thumb Code     0  startup_stm32f4xx.o(.text)
    CAN1_RX1_IRQHandler                      0x0800053f   Thumb Code     0  startup_stm32f4xx.o(.text)
    CAN1_SCE_IRQHandler                      0x0800053f   Thumb Code     0  startup_stm32f4xx.o(.text)
    CAN1_TX_IRQHandler                       0x0800053f   Thumb Code     0  startup_stm32f4xx.o(.text)
    CAN2_RX0_IRQHandler                      0x0800053f   Thumb Code     0  startup_stm32f4xx.o(.text)
    CAN2_RX1_IRQHandler                      0x0800053f   Thumb Code     0  startup_stm32f4xx.o(.text)
    CAN2_SCE_IRQHandler                      0x0800053f   Thumb Code     0  startup_stm32f4xx.o(.text)
    CAN2_TX_IRQHandler                       0x0800053f   Thumb Code     0  startup_stm32f4xx.o(.text)
    CRYP_IRQHandler                          0x0800053f   Thumb Code     0  startup_stm32f4xx.o(.text)
    DCMI_IRQHandler                          0x0800053f   Thumb Code     0  startup_stm32f4xx.o(.text)
    DMA1_Stream0_IRQHandler                  0x0800053f   Thumb Code     0  startup_stm32f4xx.o(.text)
    DMA1_Stream1_IRQHandler                  0x0800053f   Thumb Code     0  startup_stm32f4xx.o(.text)
    DMA1_Stream2_IRQHandler                  0x0800053f   Thumb Code     0  startup_stm32f4xx.o(.text)
    DMA1_Stream3_IRQHandler                  0x0800053f   Thumb Code     0  startup_stm32f4xx.o(.text)
    DMA1_Stream4_IRQHandler                  0x0800053f   Thumb Code     0  startup_stm32f4xx.o(.text)
    DMA1_Stream5_IRQHandler                  0x0800053f   Thumb Code     0  startup_stm32f4xx.o(.text)
    DMA1_Stream6_IRQHandler                  0x0800053f   Thumb Code     0  startup_stm32f4xx.o(.text)
    DMA1_Stream7_IRQHandler                  0x0800053f   Thumb Code     0  startup_stm32f4xx.o(.text)
    DMA2_Stream0_IRQHandler                  0x0800053f   Thumb Code     0  startup_stm32f4xx.o(.text)
    DMA2_Stream1_IRQHandler                  0x0800053f   Thumb Code     0  startup_stm32f4xx.o(.text)
    DMA2_Stream2_IRQHandler                  0x0800053f   Thumb Code     0  startup_stm32f4xx.o(.text)
    DMA2_Stream3_IRQHandler                  0x0800053f   Thumb Code     0  startup_stm32f4xx.o(.text)
    DMA2_Stream4_IRQHandler                  0x0800053f   Thumb Code     0  startup_stm32f4xx.o(.text)
    DMA2_Stream5_IRQHandler                  0x0800053f   Thumb Code     0  startup_stm32f4xx.o(.text)
    DMA2_Stream6_IRQHandler                  0x0800053f   Thumb Code     0  startup_stm32f4xx.o(.text)
    DMA2_Stream7_IRQHandler                  0x0800053f   Thumb Code     0  startup_stm32f4xx.o(.text)
    ETH_IRQHandler                           0x0800053f   Thumb Code     0  startup_stm32f4xx.o(.text)
    ETH_WKUP_IRQHandler                      0x0800053f   Thumb Code     0  startup_stm32f4xx.o(.text)
    EXTI15_10_IRQHandler                     0x0800053f   Thumb Code     0  startup_stm32f4xx.o(.text)
    EXTI1_IRQHandler                         0x0800053f   Thumb Code     0  startup_stm32f4xx.o(.text)
    EXTI2_IRQHandler                         0x0800053f   Thumb Code     0  startup_stm32f4xx.o(.text)
    EXTI3_IRQHandler                         0x0800053f   Thumb Code     0  startup_stm32f4xx.o(.text)
    EXTI4_IRQHandler                         0x0800053f   Thumb Code     0  startup_stm32f4xx.o(.text)
    EXTI9_5_IRQHandler                       0x0800053f   Thumb Code     0  startup_stm32f4xx.o(.text)
    FLASH_IRQHandler                         0x0800053f   Thumb Code     0  startup_stm32f4xx.o(.text)
    FPU_IRQHandler                           0x0800053f   Thumb Code     0  startup_stm32f4xx.o(.text)
    FSMC_IRQHandler                          0x0800053f   Thumb Code     0  startup_stm32f4xx.o(.text)
    HASH_RNG_IRQHandler                      0x0800053f   Thumb Code     0  startup_stm32f4xx.o(.text)
    I2C1_ER_IRQHandler                       0x0800053f   Thumb Code     0  startup_stm32f4xx.o(.text)
    I2C1_EV_IRQHandler                       0x0800053f   Thumb Code     0  startup_stm32f4xx.o(.text)
    I2C2_ER_IRQHandler                       0x0800053f   Thumb Code     0  startup_stm32f4xx.o(.text)
    I2C2_EV_IRQHandler                       0x0800053f   Thumb Code     0  startup_stm32f4xx.o(.text)
    I2C3_ER_IRQHandler                       0x0800053f   Thumb Code     0  startup_stm32f4xx.o(.text)
    I2C3_EV_IRQHandler                       0x0800053f   Thumb Code     0  startup_stm32f4xx.o(.text)
    OTG_FS_IRQHandler                        0x0800053f   Thumb Code     0  startup_stm32f4xx.o(.text)
    OTG_FS_WKUP_IRQHandler                   0x0800053f   Thumb Code     0  startup_stm32f4xx.o(.text)
    OTG_HS_EP1_IN_IRQHandler                 0x0800053f   Thumb Code     0  startup_stm32f4xx.o(.text)
    OTG_HS_EP1_OUT_IRQHandler                0x0800053f   Thumb Code     0  startup_stm32f4xx.o(.text)
    OTG_HS_IRQHandler                        0x0800053f   Thumb Code     0  startup_stm32f4xx.o(.text)
    OTG_HS_WKUP_IRQHandler                   0x0800053f   Thumb Code     0  startup_stm32f4xx.o(.text)
    PVD_IRQHandler                           0x0800053f   Thumb Code     0  startup_stm32f4xx.o(.text)
    RCC_IRQHandler                           0x0800053f   Thumb Code     0  startup_stm32f4xx.o(.text)
    RTC_Alarm_IRQHandler                     0x0800053f   Thumb Code     0  startup_stm32f4xx.o(.text)
    RTC_WKUP_IRQHandler                      0x0800053f   Thumb Code     0  startup_stm32f4xx.o(.text)
    SDIO_IRQHandler                          0x0800053f   Thumb Code     0  startup_stm32f4xx.o(.text)
    SPI1_IRQHandler                          0x0800053f   Thumb Code     0  startup_stm32f4xx.o(.text)
    SPI2_IRQHandler                          0x0800053f   Thumb Code     0  startup_stm32f4xx.o(.text)
    SPI3_IRQHandler                          0x0800053f   Thumb Code     0  startup_stm32f4xx.o(.text)
    TAMP_STAMP_IRQHandler                    0x0800053f   Thumb Code     0  startup_stm32f4xx.o(.text)
    TIM1_BRK_TIM9_IRQHandler                 0x0800053f   Thumb Code     0  startup_stm32f4xx.o(.text)
    TIM1_CC_IRQHandler                       0x0800053f   Thumb Code     0  startup_stm32f4xx.o(.text)
    TIM1_TRG_COM_TIM11_IRQHandler            0x0800053f   Thumb Code     0  startup_stm32f4xx.o(.text)
    TIM1_UP_TIM10_IRQHandler                 0x0800053f   Thumb Code     0  startup_stm32f4xx.o(.text)
    TIM2_IRQHandler                          0x0800053f   Thumb Code     0  startup_stm32f4xx.o(.text)
    TIM4_IRQHandler                          0x0800053f   Thumb Code     0  startup_stm32f4xx.o(.text)
    TIM5_IRQHandler                          0x0800053f   Thumb Code     0  startup_stm32f4xx.o(.text)
    TIM6_DAC_IRQHandler                      0x0800053f   Thumb Code     0  startup_stm32f4xx.o(.text)
    TIM7_IRQHandler                          0x0800053f   Thumb Code     0  startup_stm32f4xx.o(.text)
    TIM8_BRK_TIM12_IRQHandler                0x0800053f   Thumb Code     0  startup_stm32f4xx.o(.text)
    TIM8_CC_IRQHandler                       0x0800053f   Thumb Code     0  startup_stm32f4xx.o(.text)
    TIM8_TRG_COM_TIM14_IRQHandler            0x0800053f   Thumb Code     0  startup_stm32f4xx.o(.text)
    TIM8_UP_TIM13_IRQHandler                 0x0800053f   Thumb Code     0  startup_stm32f4xx.o(.text)
    UART4_IRQHandler                         0x0800053f   Thumb Code     0  startup_stm32f4xx.o(.text)
    UART5_IRQHandler                         0x0800053f   Thumb Code     0  startup_stm32f4xx.o(.text)
    USART1_IRQHandler                        0x0800053f   Thumb Code     0  startup_stm32f4xx.o(.text)
    USART2_IRQHandler                        0x0800053f   Thumb Code     0  startup_stm32f4xx.o(.text)
    USART3_IRQHandler                        0x0800053f   Thumb Code     0  startup_stm32f4xx.o(.text)
    USART6_IRQHandler                        0x0800053f   Thumb Code     0  startup_stm32f4xx.o(.text)
    WWDG_IRQHandler                          0x0800053f   Thumb Code     0  startup_stm32f4xx.o(.text)
    os_idle_demon                            0x08000549   Thumb Code     4  rtx_conf_cm.o(.text)
    os_error                                 0x0800054d   Thumb Code     4  rtx_conf_cm.o(.text)
    main                                     0x08000551   Thumb Code   196  main.o(.text)
    armThread                                0x08000615   Thumb Code   400  main.o(.text)
    ledThread                                0x080007a5   Thumb Code   330  main.o(.text)
    TIM3_IRQHandler                          0x080008ef   Thumb Code    34  main.o(.text)
    EXTI0_IRQHandler                         0x08000911   Thumb Code    30  main.o(.text)
    init_LEDS_PWM                            0x08000969   Thumb Code    86  project_init.o(.text)
    init_LEDS                                0x080009bf   Thumb Code    46  project_init.o(.text)
    init_userButton                          0x080009ed   Thumb Code   138  project_init.o(.text)
    init_TIM3                                0x08000a77   Thumb Code   110  project_init.o(.text)
    init_servo                               0x08000b69   Thumb Code    96  project_servo.o(.text)
    moveServo                                0x08000bc9   Thumb Code    26  project_servo.o(.text)
    waitUntilServoStopped                    0x08000be3   Thumb Code    38  project_servo.o(.text)
    floatServo                               0x08000c09   Thumb Code    58  project_servo.o(.text)
    servoThread                              0x08000c43   Thumb Code    68  project_servo.o(.text)
    init_TIM4                                0x08000ca1   Thumb Code   160  project_pwm.o(.text)
    init_magnet                              0x08000d49   Thumb Code    66  project_magnet.o(.text)
    turnMagnetOn                             0x08000d8b   Thumb Code    18  project_magnet.o(.text)
    turnMagnetOff                            0x08000d9d   Thumb Code    18  project_magnet.o(.text)
    toggleMagnet                             0x08000daf   Thumb Code    24  project_magnet.o(.text)
    waitUntilRobotStopped                    0x08000ef7   Thumb Code    24  project_robot.o(.text)
    init_robot                               0x08000f0f   Thumb Code    40  project_robot.o(.text)
    moveRobot                                0x08000f37   Thumb Code    98  project_robot.o(.text)
    floatRobot                               0x08000f99   Thumb Code    24  project_robot.o(.text)
    parkRobot                                0x08000fb1   Thumb Code    38  project_robot.o(.text)
    init_receiver                            0x08000fd9   Thumb Code    90  project_receiver.o(.text)
    currentData                              0x08001033   Thumb Code    40  project_receiver.o(.text)
    receiverThread                           0x0800105b   Thumb Code    30  project_receiver.o(.text)
    init_pushbutton                          0x0800107d   Thumb Code    54  project_pushbutton.o(.text)
    pushbuttonThread                         0x080010b3   Thumb Code    78  project_pushbutton.o(.text)
    NVIC_PriorityGroupConfig                 0x08001109   Thumb Code    10  misc.o(.text)
    NVIC_Init                                0x08001113   Thumb Code   108  misc.o(.text)
    NVIC_SetVectorTable                      0x0800117f   Thumb Code    14  misc.o(.text)
    NVIC_SystemLPConfig                      0x0800118d   Thumb Code    34  misc.o(.text)
    SysTick_CLKSourceConfig                  0x080011af   Thumb Code    40  misc.o(.text)
    EXTI_DeInit                              0x080011ed   Thumb Code    28  stm32f4xx_exti.o(.text)
    EXTI_Init                                0x08001209   Thumb Code   142  stm32f4xx_exti.o(.text)
    EXTI_StructInit                          0x08001297   Thumb Code    16  stm32f4xx_exti.o(.text)
    EXTI_GenerateSWInterrupt                 0x080012a7   Thumb Code    16  stm32f4xx_exti.o(.text)
    EXTI_GetFlagStatus                       0x080012b7   Thumb Code    22  stm32f4xx_exti.o(.text)
    EXTI_ClearFlag                           0x080012cd   Thumb Code     8  stm32f4xx_exti.o(.text)
    EXTI_GetITStatus                         0x080012d5   Thumb Code    34  stm32f4xx_exti.o(.text)
    EXTI_ClearITPendingBit                   0x080012f7   Thumb Code     8  stm32f4xx_exti.o(.text)
    GPIO_DeInit                              0x08001309   Thumb Code   220  stm32f4xx_gpio.o(.text)
    GPIO_Init                                0x080013e5   Thumb Code   144  stm32f4xx_gpio.o(.text)
    GPIO_StructInit                          0x08001475   Thumb Code    18  stm32f4xx_gpio.o(.text)
    GPIO_PinLockConfig                       0x08001487   Thumb Code    34  stm32f4xx_gpio.o(.text)
    GPIO_ReadInputDataBit                    0x080014a9   Thumb Code    18  stm32f4xx_gpio.o(.text)
    GPIO_ReadInputData                       0x080014bb   Thumb Code     8  stm32f4xx_gpio.o(.text)
    GPIO_ReadOutputDataBit                   0x080014c3   Thumb Code    18  stm32f4xx_gpio.o(.text)
    GPIO_ReadOutputData                      0x080014d5   Thumb Code     8  stm32f4xx_gpio.o(.text)
    GPIO_SetBits                             0x080014dd   Thumb Code     4  stm32f4xx_gpio.o(.text)
    GPIO_ResetBits                           0x080014e1   Thumb Code     4  stm32f4xx_gpio.o(.text)
    GPIO_WriteBit                            0x080014e5   Thumb Code    10  stm32f4xx_gpio.o(.text)
    GPIO_Write                               0x080014ef   Thumb Code     4  stm32f4xx_gpio.o(.text)
    GPIO_ToggleBits                          0x080014f3   Thumb Code     8  stm32f4xx_gpio.o(.text)
    GPIO_PinAFConfig                         0x080014fb   Thumb Code    70  stm32f4xx_gpio.o(.text)
    RCC_DeInit                               0x08001565   Thumb Code    60  stm32f4xx_rcc.o(.text)
    RCC_HSEConfig                            0x080015a1   Thumb Code    14  stm32f4xx_rcc.o(.text)
    RCC_GetFlagStatus                        0x080015af   Thumb Code    60  stm32f4xx_rcc.o(.text)
    RCC_WaitForHSEStartUp                    0x080015eb   Thumb Code    56  stm32f4xx_rcc.o(.text)
    RCC_AdjustHSICalibrationValue            0x08001623   Thumb Code    20  stm32f4xx_rcc.o(.text)
    RCC_HSICmd                               0x08001637   Thumb Code     6  stm32f4xx_rcc.o(.text)
    RCC_LSEConfig                            0x0800163d   Thumb Code    46  stm32f4xx_rcc.o(.text)
    RCC_LSICmd                               0x0800166b   Thumb Code     6  stm32f4xx_rcc.o(.text)
    RCC_PLLConfig                            0x08001671   Thumb Code    32  stm32f4xx_rcc.o(.text)
    RCC_PLLCmd                               0x08001691   Thumb Code     6  stm32f4xx_rcc.o(.text)
    RCC_PLLI2SConfig                         0x08001697   Thumb Code    14  stm32f4xx_rcc.o(.text)
    RCC_PLLI2SCmd                            0x080016a5   Thumb Code     6  stm32f4xx_rcc.o(.text)
    RCC_ClockSecuritySystemCmd               0x080016ab   Thumb Code     6  stm32f4xx_rcc.o(.text)
    RCC_MCO1Config                           0x080016b1   Thumb Code    28  stm32f4xx_rcc.o(.text)
    RCC_MCO2Config                           0x080016cd   Thumb Code    28  stm32f4xx_rcc.o(.text)
    RCC_SYSCLKConfig                         0x080016e9   Thumb Code    20  stm32f4xx_rcc.o(.text)
    RCC_GetSYSCLKSource                      0x080016fd   Thumb Code    12  stm32f4xx_rcc.o(.text)
    RCC_HCLKConfig                           0x08001709   Thumb Code    20  stm32f4xx_rcc.o(.text)
    RCC_PCLK1Config                          0x0800171d   Thumb Code    20  stm32f4xx_rcc.o(.text)
    RCC_PCLK2Config                          0x08001731   Thumb Code    22  stm32f4xx_rcc.o(.text)
    RCC_GetClocksFreq                        0x08001747   Thumb Code   222  stm32f4xx_rcc.o(.text)
    RCC_RTCCLKConfig                         0x08001825   Thumb Code    54  stm32f4xx_rcc.o(.text)
    RCC_RTCCLKCmd                            0x0800185b   Thumb Code     8  stm32f4xx_rcc.o(.text)
    RCC_BackupResetCmd                       0x08001863   Thumb Code     8  stm32f4xx_rcc.o(.text)
    RCC_I2SCLKConfig                         0x0800186b   Thumb Code     6  stm32f4xx_rcc.o(.text)
    RCC_AHB1PeriphClockCmd                   0x08001871   Thumb Code    34  stm32f4xx_rcc.o(.text)
    RCC_AHB2PeriphClockCmd                   0x08001893   Thumb Code    34  stm32f4xx_rcc.o(.text)
    RCC_AHB3PeriphClockCmd                   0x080018b5   Thumb Code    34  stm32f4xx_rcc.o(.text)
    RCC_APB1PeriphClockCmd                   0x080018d7   Thumb Code    34  stm32f4xx_rcc.o(.text)
    RCC_APB2PeriphClockCmd                   0x080018f9   Thumb Code    34  stm32f4xx_rcc.o(.text)
    RCC_AHB1PeriphResetCmd                   0x0800191b   Thumb Code    34  stm32f4xx_rcc.o(.text)
    RCC_AHB2PeriphResetCmd                   0x0800193d   Thumb Code    72  stm32f4xx_rcc.o(.text)
    RCC_AHB3PeriphResetCmd                   0x08001985   Thumb Code    34  stm32f4xx_rcc.o(.text)
    RCC_APB1PeriphResetCmd                   0x080019a7   Thumb Code    34  stm32f4xx_rcc.o(.text)
    RCC_APB2PeriphResetCmd                   0x080019c9   Thumb Code    34  stm32f4xx_rcc.o(.text)
    RCC_AHB1PeriphClockLPModeCmd             0x080019eb   Thumb Code    34  stm32f4xx_rcc.o(.text)
    RCC_AHB2PeriphClockLPModeCmd             0x08001a0d   Thumb Code    34  stm32f4xx_rcc.o(.text)
    RCC_AHB3PeriphClockLPModeCmd             0x08001a2f   Thumb Code    34  stm32f4xx_rcc.o(.text)
    RCC_APB1PeriphClockLPModeCmd             0x08001a51   Thumb Code    34  stm32f4xx_rcc.o(.text)
    RCC_APB2PeriphClockLPModeCmd             0x08001a73   Thumb Code    34  stm32f4xx_rcc.o(.text)
    RCC_ITConfig                             0x08001a95   Thumb Code    34  stm32f4xx_rcc.o(.text)
    RCC_ClearFlag                            0x08001ab7   Thumb Code    18  stm32f4xx_rcc.o(.text)
    RCC_GetITStatus                          0x08001ac9   Thumb Code    22  stm32f4xx_rcc.o(.text)
    RCC_ClearITPendingBit                    0x08001adf   Thumb Code     8  stm32f4xx_rcc.o(.text)
    SPI_I2S_DeInit                           0x08001aed   Thumb Code    76  stm32f4xx_spi.o(.text)
    SPI_Init                                 0x08001b39   Thumb Code    60  stm32f4xx_spi.o(.text)
    I2S_Init                                 0x08001b75   Thumb Code   346  stm32f4xx_spi.o(.text)
    SPI_StructInit                           0x08001ccf   Thumb Code    24  stm32f4xx_spi.o(.text)
    I2S_StructInit                           0x08001ce7   Thumb Code    20  stm32f4xx_spi.o(.text)
    SPI_Cmd                                  0x08001cfb   Thumb Code    24  stm32f4xx_spi.o(.text)
    I2S_Cmd                                  0x08001d13   Thumb Code    24  stm32f4xx_spi.o(.text)
    SPI_DataSizeConfig                       0x08001d2b   Thumb Code    18  stm32f4xx_spi.o(.text)
    SPI_BiDirectionalLineConfig              0x08001d3d   Thumb Code    28  stm32f4xx_spi.o(.text)
    SPI_NSSInternalSoftwareConfig            0x08001d59   Thumb Code    30  stm32f4xx_spi.o(.text)
    SPI_SSOutputCmd                          0x08001d77   Thumb Code    24  stm32f4xx_spi.o(.text)
    SPI_TIModeCmd                            0x08001d8f   Thumb Code    24  stm32f4xx_spi.o(.text)
    I2S_FullDuplexConfig                     0x08001da7   Thumb Code    80  stm32f4xx_spi.o(.text)
    SPI_I2S_ReceiveData                      0x08001df7   Thumb Code     6  stm32f4xx_spi.o(.text)
    SPI_I2S_SendData                         0x08001dfd   Thumb Code     4  stm32f4xx_spi.o(.text)
    SPI_CalculateCRC                         0x08001e01   Thumb Code    24  stm32f4xx_spi.o(.text)
    SPI_TransmitCRC                          0x08001e19   Thumb Code    10  stm32f4xx_spi.o(.text)
    SPI_GetCRC                               0x08001e23   Thumb Code    16  stm32f4xx_spi.o(.text)
    SPI_GetCRCPolynomial                     0x08001e33   Thumb Code     6  stm32f4xx_spi.o(.text)
    SPI_I2S_DMACmd                           0x08001e39   Thumb Code    18  stm32f4xx_spi.o(.text)
    SPI_I2S_ITConfig                         0x08001e4b   Thumb Code    32  stm32f4xx_spi.o(.text)
    SPI_I2S_GetFlagStatus                    0x08001e6b   Thumb Code    18  stm32f4xx_spi.o(.text)
    SPI_I2S_ClearFlag                        0x08001e7d   Thumb Code     6  stm32f4xx_spi.o(.text)
    SPI_I2S_GetITStatus                      0x08001e83   Thumb Code    52  stm32f4xx_spi.o(.text)
    SPI_I2S_ClearITPendingBit                0x08001eb7   Thumb Code    20  stm32f4xx_spi.o(.text)
    SYSCFG_DeInit                            0x08001ee1   Thumb Code    22  stm32f4xx_syscfg.o(.text)
    SYSCFG_MemoryRemapConfig                 0x08001ef7   Thumb Code     6  stm32f4xx_syscfg.o(.text)
    SYSCFG_EXTILineConfig                    0x08001efd   Thumb Code    66  stm32f4xx_syscfg.o(.text)
    SYSCFG_ETH_MediaInterfaceConfig          0x08001f3f   Thumb Code     6  stm32f4xx_syscfg.o(.text)
    SYSCFG_CompensationCellCmd               0x08001f45   Thumb Code     6  stm32f4xx_syscfg.o(.text)
    SYSCFG_GetCompensationCellStatus         0x08001f4b   Thumb Code    22  stm32f4xx_syscfg.o(.text)
    TIM_DeInit                               0x08001f6d   Thumb Code   346  stm32f4xx_tim.o(.text)
    TIM_TimeBaseInit                         0x080020c7   Thumb Code   104  stm32f4xx_tim.o(.text)
    TIM_TimeBaseStructInit                   0x0800212f   Thumb Code    18  stm32f4xx_tim.o(.text)
    TIM_PrescalerConfig                      0x08002141   Thumb Code     6  stm32f4xx_tim.o(.text)
    TIM_CounterModeConfig                    0x08002147   Thumb Code    18  stm32f4xx_tim.o(.text)
    TIM_SetCounter                           0x08002159   Thumb Code     4  stm32f4xx_tim.o(.text)
    TIM_SetAutoreload                        0x0800215d   Thumb Code     4  stm32f4xx_tim.o(.text)
    TIM_GetCounter                           0x08002161   Thumb Code     6  stm32f4xx_tim.o(.text)
    TIM_GetPrescaler                         0x08002167   Thumb Code     6  stm32f4xx_tim.o(.text)
    TIM_UpdateDisableConfig                  0x0800216d   Thumb Code    24  stm32f4xx_tim.o(.text)
    TIM_UpdateRequestConfig                  0x08002185   Thumb Code    24  stm32f4xx_tim.o(.text)
    TIM_ARRPreloadConfig                     0x0800219d   Thumb Code    24  stm32f4xx_tim.o(.text)
    TIM_SelectOnePulseMode                   0x080021b5   Thumb Code    18  stm32f4xx_tim.o(.text)
    TIM_SetClockDivision                     0x080021c7   Thumb Code    18  stm32f4xx_tim.o(.text)
    TIM_Cmd                                  0x080021d9   Thumb Code    24  stm32f4xx_tim.o(.text)
    TIM_OC1Init                              0x080021f1   Thumb Code   114  stm32f4xx_tim.o(.text)
    TIM_OC2Init                              0x08002263   Thumb Code   154  stm32f4xx_tim.o(.text)
    TIM_OC3Init                              0x080022fd   Thumb Code   204  stm32f4xx_tim.o(.text)
    TIM_OC4Init                              0x080023c9   Thumb Code   112  stm32f4xx_tim.o(.text)
    TIM_OCStructInit                         0x08002439   Thumb Code    20  stm32f4xx_tim.o(.text)
    TIM_SelectOCxM                           0x0800244d   Thumb Code    86  stm32f4xx_tim.o(.text)
    TIM_SetCompare1                          0x080024a3   Thumb Code     4  stm32f4xx_tim.o(.text)
    TIM_SetCompare2                          0x080024a7   Thumb Code     4  stm32f4xx_tim.o(.text)
    TIM_SetCompare3                          0x080024ab   Thumb Code     4  stm32f4xx_tim.o(.text)
    TIM_SetCompare4                          0x080024af   Thumb Code     4  stm32f4xx_tim.o(.text)
    TIM_ForcedOC1Config                      0x080024b3   Thumb Code    18  stm32f4xx_tim.o(.text)
    TIM_ForcedOC2Config                      0x080024c5   Thumb Code    26  stm32f4xx_tim.o(.text)
    TIM_ForcedOC3Config                      0x080024df   Thumb Code    18  stm32f4xx_tim.o(.text)
    TIM_ForcedOC4Config                      0x080024f1   Thumb Code    26  stm32f4xx_tim.o(.text)
    TIM_OC1PreloadConfig                     0x0800250b   Thumb Code    18  stm32f4xx_tim.o(.text)
    TIM_OC2PreloadConfig                     0x0800251d   Thumb Code    26  stm32f4xx_tim.o(.text)
    TIM_OC3PreloadConfig                     0x08002537   Thumb Code    18  stm32f4xx_tim.o(.text)
    TIM_OC4PreloadConfig                     0x08002549   Thumb Code    26  stm32f4xx_tim.o(.text)
    TIM_OC1FastConfig                        0x08002563   Thumb Code    18  stm32f4xx_tim.o(.text)
    TIM_OC2FastConfig                        0x08002575   Thumb Code    26  stm32f4xx_tim.o(.text)
    TIM_OC3FastConfig                        0x0800258f   Thumb Code    18  stm32f4xx_tim.o(.text)
    TIM_OC4FastConfig                        0x080025a1   Thumb Code    26  stm32f4xx_tim.o(.text)
    TIM_ClearOC1Ref                          0x080025bb   Thumb Code    18  stm32f4xx_tim.o(.text)
    TIM_ClearOC2Ref                          0x080025cd   Thumb Code    24  stm32f4xx_tim.o(.text)
    TIM_ClearOC3Ref                          0x080025e5   Thumb Code    18  stm32f4xx_tim.o(.text)
    TIM_ClearOC4Ref                          0x080025f7   Thumb Code    24  stm32f4xx_tim.o(.text)
    TIM_OC1PolarityConfig                    0x0800260f   Thumb Code    18  stm32f4xx_tim.o(.text)
    TIM_OC1NPolarityConfig                   0x08002621   Thumb Code    18  stm32f4xx_tim.o(.text)
    TIM_OC2PolarityConfig                    0x08002633   Thumb Code    26  stm32f4xx_tim.o(.text)
    TIM_OC2NPolarityConfig                   0x0800264d   Thumb Code    26  stm32f4xx_tim.o(.text)
    TIM_OC3PolarityConfig                    0x08002667   Thumb Code    26  stm32f4xx_tim.o(.text)
    TIM_OC3NPolarityConfig                   0x08002681   Thumb Code    26  stm32f4xx_tim.o(.text)
    TIM_OC4PolarityConfig                    0x0800269b   Thumb Code    26  stm32f4xx_tim.o(.text)
    TIM_CCxCmd                               0x080026b5   Thumb Code    30  stm32f4xx_tim.o(.text)
    TIM_CCxNCmd                              0x080026d3   Thumb Code    30  stm32f4xx_tim.o(.text)
    TIM_SetIC4Prescaler                      0x080026f1   Thumb Code    26  stm32f4xx_tim.o(.text)
    TIM_SetIC3Prescaler                      0x0800275b   Thumb Code    18  stm32f4xx_tim.o(.text)
    TIM_SetIC2Prescaler                      0x080027b5   Thumb Code    26  stm32f4xx_tim.o(.text)
    TIM_SetIC1Prescaler                      0x08002829   Thumb Code    18  stm32f4xx_tim.o(.text)
    TIM_ICInit                               0x08002875   Thumb Code   110  stm32f4xx_tim.o(.text)
    TIM_ICStructInit                         0x080028e3   Thumb Code    18  stm32f4xx_tim.o(.text)
    TIM_PWMIConfig                           0x080028f5   Thumb Code   124  stm32f4xx_tim.o(.text)
    TIM_GetCapture1                          0x08002971   Thumb Code     6  stm32f4xx_tim.o(.text)
    TIM_GetCapture2                          0x08002977   Thumb Code     6  stm32f4xx_tim.o(.text)
    TIM_GetCapture3                          0x0800297d   Thumb Code     6  stm32f4xx_tim.o(.text)
    TIM_GetCapture4                          0x08002983   Thumb Code     6  stm32f4xx_tim.o(.text)
    TIM_BDTRConfig                           0x08002989   Thumb Code    32  stm32f4xx_tim.o(.text)
    TIM_BDTRStructInit                       0x080029a9   Thumb Code    18  stm32f4xx_tim.o(.text)
    TIM_CtrlPWMOutputs                       0x080029bb   Thumb Code    30  stm32f4xx_tim.o(.text)
    TIM_SelectCOM                            0x080029d9   Thumb Code    24  stm32f4xx_tim.o(.text)
    TIM_CCPreloadControl                     0x080029f1   Thumb Code    24  stm32f4xx_tim.o(.text)
    TIM_ITConfig                             0x08002a09   Thumb Code    18  stm32f4xx_tim.o(.text)
    TIM_GenerateEvent                        0x08002a1b   Thumb Code     4  stm32f4xx_tim.o(.text)
    TIM_GetFlagStatus                        0x08002a1f   Thumb Code    18  stm32f4xx_tim.o(.text)
    TIM_ClearFlag                            0x08002a31   Thumb Code     6  stm32f4xx_tim.o(.text)
    TIM_GetITStatus                          0x08002a37   Thumb Code    34  stm32f4xx_tim.o(.text)
    TIM_ClearITPendingBit                    0x08002a59   Thumb Code     6  stm32f4xx_tim.o(.text)
    TIM_DMAConfig                            0x08002a5f   Thumb Code    10  stm32f4xx_tim.o(.text)
    TIM_DMACmd                               0x08002a69   Thumb Code    18  stm32f4xx_tim.o(.text)
    TIM_SelectCCDMA                          0x08002a7b   Thumb Code    24  stm32f4xx_tim.o(.text)
    TIM_InternalClockConfig                  0x08002a93   Thumb Code    12  stm32f4xx_tim.o(.text)
    TIM_SelectInputTrigger                   0x08002a9f   Thumb Code    18  stm32f4xx_tim.o(.text)
    TIM_ITRxExternalClockConfig              0x08002ab1   Thumb Code    24  stm32f4xx_tim.o(.text)
    TIM_TIxExternalClockConfig               0x08002ac9   Thumb Code    62  stm32f4xx_tim.o(.text)
    TIM_ETRConfig                            0x08002b07   Thumb Code    28  stm32f4xx_tim.o(.text)
    TIM_ETRClockMode1Config                  0x08002b23   Thumb Code    54  stm32f4xx_tim.o(.text)
    TIM_ETRClockMode2Config                  0x08002b59   Thumb Code    32  stm32f4xx_tim.o(.text)
    TIM_SelectOutputTrigger                  0x08002b79   Thumb Code    18  stm32f4xx_tim.o(.text)
    TIM_SelectSlaveMode                      0x08002b8b   Thumb Code    18  stm32f4xx_tim.o(.text)
    TIM_SelectMasterSlaveMode                0x08002b9d   Thumb Code    18  stm32f4xx_tim.o(.text)
    TIM_EncoderInterfaceConfig               0x08002baf   Thumb Code    66  stm32f4xx_tim.o(.text)
    TIM_SelectHallSensor                     0x08002bf1   Thumb Code    24  stm32f4xx_tim.o(.text)
    TIM_RemapConfig                          0x08002c09   Thumb Code     6  stm32f4xx_tim.o(.text)
    CC2500_Init                              0x08002cfb   Thumb Code     8  cc2500.o(.text)
    CC2500_TIMEOUT_UserCallback              0x08002d03   Thumb Code     4  cc2500.o(.text)
    CC2500_Write                             0x08002d85   Thumb Code    62  cc2500.o(.text)
    CC2500_config_transmitter                0x08002dc3   Thumb Code   508  cc2500.o(.text)
    CC2500_Read                              0x08002fbf   Thumb Code    94  cc2500.o(.text)
    CC2500_StrobeSend                        0x0800301d   Thumb Code    56  cc2500.o(.text)
    goToTX                                   0x08003055   Thumb Code    72  cc2500.o(.text)
    goToRX                                   0x0800309d   Thumb Code    72  cc2500.o(.text)
    wireless_TX                              0x080030e5   Thumb Code   160  cc2500.o(.text)
    wireless_RX                              0x08003185   Thumb Code   306  cc2500.o(.text)
    rand                                     0x080032bd   Thumb Code    20  rand.o(.text)
    srand                                    0x080032d1   Thumb Code     6  rand.o(.text)
    __scatterload                            0x080032e1   Thumb Code    28  init.o(.text)
    __scatterload_rt2                        0x080032e1   Thumb Code     0  init.o(.text)
    SVC_Count                                0x08003304   Data           4  SVC_Table.o(SVC_TABLE)
    SVC_Table                                0x08003308   Data           0  SVC_Table.o(SVC_TABLE)
    __scatterload_copy                       0x08003309   Thumb Code    14  handlers.o(i.__scatterload_copy)
    __scatterload_null                       0x08003317   Thumb Code     2  handlers.o(i.__scatterload_null)
    __scatterload_zeroinit                   0x08003319   Thumb Code    14  handlers.o(i.__scatterload_zeroinit)
    _init_box                                0x08003327   Thumb Code    70  rt_membox.o(i._init_box)
    dbg_init                                 0x0800336d   Thumb Code    34  hal_cm.o(i.dbg_init)
    dbg_task_notify                          0x0800339d   Thumb Code    32  hal_cm.o(i.dbg_task_notify)
    dbg_task_switch                          0x080033bd   Thumb Code    16  hal_cm.o(i.dbg_task_switch)
    isr_evt_set                              0x080033f9   Thumb Code    34  rt_event.o(i.isr_evt_set)
    isr_mbx_receive                          0x08003421   Thumb Code    80  rt_mailbox.o(i.isr_mbx_receive)
    isr_mbx_send                             0x08003471   Thumb Code    14  rt_mailbox.o(i.isr_mbx_send)
    osDelay                                  0x08003481   Thumb Code    18  rt_cmsis.o(i.osDelay)
    osKernelStart                            0x08003499   Thumb Code    94  rt_cmsis.o(i.osKernelStart)
    osMessageGet                             0x08003501   Thumb Code    64  rt_cmsis.o(i.osMessageGet)
    osMutexCreate                            0x08003545   Thumb Code    18  rt_cmsis.o(i.osMutexCreate)
    osMutexRelease                           0x0800355d   Thumb Code    18  rt_cmsis.o(i.osMutexRelease)
    osMutexWait                              0x08003575   Thumb Code    18  rt_cmsis.o(i.osMutexWait)
    osSignalClear                            0x0800358d   Thumb Code    18  rt_cmsis.o(i.osSignalClear)
    osSignalSet                              0x080035a5   Thumb Code    48  rt_cmsis.o(i.osSignalSet)
    osSignalWait                             0x080035d9   Thumb Code    18  rt_cmsis.o(i.osSignalWait)
    osThreadCreate                           0x080035f1   Thumb Code    18  rt_cmsis.o(i.osThreadCreate)
    osThreadExit                             0x08003609   Thumb Code    14  rt_cmsis.o(i.osThreadExit)
    osTimerCall                              0x08003621   Thumb Code     8  rt_cmsis.o(i.osTimerCall)
    osTimerThread                            0x0800362d   Thumb Code    38  rt_cmsis.o(i.osTimerThread)
    rt_alloc_box                             0x08003659   Thumb Code    28  rt_membox.o(i.rt_alloc_box)
    rt_alloc_mem                             0x08003675   Thumb Code    60  rt_memory.o(i.rt_alloc_mem)
    rt_block                                 0x080036b1   Thumb Code    48  rt_task.o(i.rt_block)
    rt_chk_robin                             0x080036e9   Thumb Code    58  rt_robin.o(i.rt_chk_robin)
    rt_dec_dly                               0x08003731   Thumb Code   102  rt_list.o(i.rt_dec_dly)
    rt_dispatch                              0x080037a1   Thumb Code    60  rt_task.o(i.rt_dispatch)
    rt_dly_wait                              0x080037e5   Thumb Code     6  rt_time.o(i.rt_dly_wait)
    rt_evt_clr                               0x080037ed   Thumb Code    22  rt_event.o(i.rt_evt_clr)
    rt_evt_psh                               0x08003809   Thumb Code    76  rt_event.o(i.rt_evt_psh)
    rt_evt_set                               0x08003859   Thumb Code    88  rt_event.o(i.rt_evt_set)
    rt_evt_wait                              0x080038b5   Thumb Code    58  rt_event.o(i.rt_evt_wait)
    rt_free_box                              0x080038f5   Thumb Code    32  rt_membox.o(i.rt_free_box)
    rt_free_mem                              0x08003915   Thumb Code    40  rt_memory.o(i.rt_free_mem)
    rt_get_first                             0x0800393d   Thumb Code    40  rt_list.o(i.rt_get_first)
    rt_init_mem                              0x080039ad   Thumb Code    26  rt_memory.o(i.rt_init_mem)
    rt_init_robin                            0x080039c9   Thumb Code    14  rt_robin.o(i.rt_init_robin)
    rt_init_stack                            0x080039e1   Thumb Code    70  hal_cm.o(i.rt_init_stack)
    rt_mbx_check                             0x08003a31   Thumb Code     8  rt_mailbox.o(i.rt_mbx_check)
    rt_mbx_init                              0x08003a39   Thumb Code    26  rt_mailbox.o(i.rt_mbx_init)
    rt_mbx_psh                               0x08003a55   Thumb Code   248  rt_mailbox.o(i.rt_mbx_psh)
    rt_mbx_wait                              0x08003b51   Thumb Code   174  rt_mailbox.o(i.rt_mbx_wait)
    rt_mut_init                              0x08003c41   Thumb Code    16  rt_mutex.o(i.rt_mut_init)
    rt_mut_release                           0x08003c51   Thumb Code   150  rt_mutex.o(i.rt_mut_release)
    rt_mut_wait                              0x08003cf1   Thumb Code    96  rt_mutex.o(i.rt_mut_wait)
    rt_pop_req                               0x08003d55   Thumb Code   106  rt_system.o(i.rt_pop_req)
    rt_psh_req                               0x08003dcd   Thumb Code    22  rt_system.o(i.rt_psh_req)
    rt_psq_enq                               0x08003ded   Thumb Code    82  rt_list.o(i.rt_psq_enq)
    rt_put_dly                               0x08003e45   Thumb Code    88  rt_list.o(i.rt_put_dly)
    rt_put_prio                              0x08003ea1   Thumb Code    56  rt_list.o(i.rt_put_prio)
    rt_put_rdy_first                         0x08003ed9   Thumb Code    14  rt_list.o(i.rt_put_rdy_first)
    rt_resort_prio                           0x08003eed   Thumb Code    46  rt_list.o(i.rt_resort_prio)
    rt_ret_val                               0x08003f31   Thumb Code    12  hal_cm.o(i.rt_ret_val)
    rt_ret_val2                              0x08003f3d   Thumb Code    16  hal_cm.o(i.rt_ret_val2)
    rt_rmv_dly                               0x08003f4d   Thumb Code    40  rt_list.o(i.rt_rmv_dly)
    rt_rmv_list                              0x08003f75   Thumb Code    44  rt_list.o(i.rt_rmv_list)
    rt_sem_psh                               0x08003fa5   Thumb Code    48  rt_semaphore.o(i.rt_sem_psh)
    rt_stk_check                             0x08003fd9   Thumb Code    28  rt_system.o(i.rt_stk_check)
    rt_switch_req                            0x08003ffd   Thumb Code    30  rt_task.o(i.rt_switch_req)
    rt_sys_init                              0x08004025   Thumb Code   242  rt_task.o(i.rt_sys_init)
    rt_systick                               0x08004165   Thumb Code    48  rt_system.o(i.rt_systick)
    rt_tsk_create                            0x080041f1   Thumb Code   112  rt_task.o(i.rt_tsk_create)
    rt_tsk_delete                            0x08004271   Thumb Code   146  rt_task.o(i.rt_tsk_delete)
    rt_tsk_self                              0x0800431d   Thumb Code    12  rt_task.o(i.rt_tsk_self)
    svcDelay                                 0x0800432d   Thumb Code    20  rt_cmsis.o(i.svcDelay)
    svcKernelStart                           0x08004341   Thumb Code   174  rt_cmsis.o(i.svcKernelStart)
    svcMessageCreate                         0x08004415   Thumb Code    36  rt_cmsis.o(i.svcMessageCreate)
    svcMessageGet                            0x08004439   Thumb Code    58  rt_cmsis.o(i.svcMessageGet)
    svcMutexCreate                           0x08004473   Thumb Code    28  rt_cmsis.o(i.svcMutexCreate)
    svcMutexRelease                          0x0800448f   Thumb Code    34  rt_cmsis.o(i.svcMutexRelease)
    svcMutexWait                             0x080044b1   Thumb Code    54  rt_cmsis.o(i.svcMutexWait)
    svcSignalClear                           0x080044e7   Thumb Code    36  rt_cmsis.o(i.svcSignalClear)
    svcSignalSet                             0x0800450b   Thumb Code    36  rt_cmsis.o(i.svcSignalSet)
    svcSignalWait                            0x08004531   Thumb Code    80  rt_cmsis.o(i.svcSignalWait)
    svcThreadCreate                          0x08004585   Thumb Code   100  rt_cmsis.o(i.svcThreadCreate)
    svcThreadGetId                           0x080045f5   Thumb Code    22  rt_cmsis.o(i.svcThreadGetId)
    svcThreadTerminate                       0x08004611   Thumb Code    52  rt_cmsis.o(i.svcThreadTerminate)
    svcTimerCall                             0x08004649   Thumb Code    24  rt_cmsis.o(i.svcTimerCall)
    sysTimerTick                             0x08004661   Thumb Code    76  rt_cmsis.o(i.sysTimerTick)
    os_maxtaskrun                            0x080046b4   Data           2  rtx_conf_cm.o(.constdata)
    os_stackinfo                             0x080046b8   Data           4  rtx_conf_cm.o(.constdata)
    os_rrobin                                0x080046bc   Data           4  rtx_conf_cm.o(.constdata)
    os_trv                                   0x080046c0   Data           4  rtx_conf_cm.o(.constdata)
    os_flags                                 0x080046c4   Data           1  rtx_conf_cm.o(.constdata)
    os_clockrate                             0x080046c8   Data           4  rtx_conf_cm.o(.constdata)
    os_timernum                              0x080046cc   Data           4  rtx_conf_cm.o(.constdata)
    mp_tcb_size                              0x080046d0   Data           2  rtx_conf_cm.o(.constdata)
    mp_stk_size                              0x080046d4   Data           4  rtx_conf_cm.o(.constdata)
    os_stack_sz                              0x080046d8   Data           4  rtx_conf_cm.o(.constdata)
    os_fifo_size                             0x080046dc   Data           1  rtx_conf_cm.o(.constdata)
    os_thread_def_osTimerThread              0x080046e0   Data          16  rtx_conf_cm.o(.constdata)
    os_messageQ_def_osTimerMessageQ          0x080046f0   Data           8  rtx_conf_cm.o(.constdata)
    mp_tmr_size                              0x080046f8   Data           2  rtx_conf_cm.o(.constdata)
    os_thread_def_main                       0x080046fc   Data          16  rtx_conf_cm.o(.constdata)
    os_thread_def_armThread                  0x0800470c   Data          16  main.o(.constdata)
    os_thread_def_ledThread                  0x0800471c   Data          16  main.o(.constdata)
    Region$$Table$$Base                      0x0800475c   Number         0  anon$$obj.o(Region$$Table)
    Region$$Table$$Limit                     0x0800478c   Number         0  anon$$obj.o(Region$$Table)
    mp_tcb                                   0x10000000   Data         444  rtx_conf_cm.o(.bss)
    mp_stk                                   0x100001c0   Data        6416  rtx_conf_cm.o(.bss)
    os_stack_mem                             0x10001ad0   Data        1632  rtx_conf_cm.o(.bss)
    os_fifo                                  0x10002130   Data         132  rtx_conf_cm.o(.bss)
    os_active_TCB                            0x100021b4   Data          36  rtx_conf_cm.o(.bss)
    os_messageQ_q_osTimerMessageQ            0x100021d8   Data          32  rtx_conf_cm.o(.bss)
    SystemCoreClock                          0x20000000   Data           4  system_stm32f4xx.o(.data)
    AHBPrescTable                            0x20000004   Data          16  system_stm32f4xx.o(.data)
    os_tmr                                   0x20000014   Data           4  rtx_conf_cm.o(.data)
    m_tmr                                    0x20000018   Data           4  rtx_conf_cm.o(.data)
    osThreadId_osTimerThread                 0x2000001c   Data           4  rtx_conf_cm.o(.data)
    osMessageQId_osTimerMessageQ             0x20000020   Data           4  rtx_conf_cm.o(.data)
    CC2500Timeout                            0x20000040   Data           4  cc2500.o(.data)
    os_timer_head                            0x20000044   Data           4  rt_cmsis.o(.data)
    os_tsk                                   0x20000048   Data           8  rt_task.o(.data)
    os_time                                  0x20000054   Data           2  rt_time.o(.data)
    dbg_msg                                  0x20000056   Data           1  hal_cm.o(.data)
    os_robin                                 0x20000058   Data           8  rt_robin.o(.data)
    os_idle_TCB                              0x20000108   Data          48  rt_task.o(.bss)
    os_rdy                                   0x20000138   Data          24  rt_list.o(.bss)
    os_dly                                   0x20000150   Data          24  rt_list.o(.bss)
    __initial_sp                             0x20000568   Data           0  startup_stm32f4xx.o(STACK)



==============================================================================

Memory Map of the image

  Image Entry point : 0x08000189

  Load Region LR_IROM1 (Base: 0x08000000, Size: 0x000047f0, Max: 0x00100000, ABSOLUTE)

    Execution Region ER_IROM1 (Base: 0x08000000, Size: 0x0000478c, Max: 0x00100000, ABSOLUTE)

    Base Addr    Size         Type   Attr      Idx    E Section Name        Object

    0x08000000   0x00000188   Data   RO          132    RESET               startup_stm32f4xx.o
    0x08000188   0x00000000   Code   RO         2401  * .ARM.Collect$$$$00000000  mc_w.l(entry.o)
    0x08000188   0x00000004   Code   RO         2407    .ARM.Collect$$$$00000001  mc_w.l(entry2.o)
    0x0800018c   0x00000004   Code   RO         2410    .ARM.Collect$$$$00000004  mc_w.l(entry5.o)
    0x08000190   0x00000000   Code   RO         2412    .ARM.Collect$$$$00000008  mc_w.l(entry7b.o)
    0x08000190   0x00000000   Code   RO         2414    .ARM.Collect$$$$0000000A  mc_w.l(entry8b.o)
    0x08000190   0x00000000   Code   RO         2415    .ARM.Collect$$$$0000000D  mc_w.l(entry10a.o)
    0x08000190   0x00000000   Code   RO         2417    .ARM.Collect$$$$0000000F  mc_w.l(entry11a.o)
    0x08000190   0x00000010   Code   RO          137    .ARM.Collect$$$$000000FF  rtx_conf_cm.o
    0x080001a0   0x00000004   Code   RO         2408    .ARM.Collect$$$$00002712  mc_w.l(entry2.o)
    0x080001a4   0x00000174   Code   RO         2388    .emb_text           RTX_CM4.lib(hal_cm4.o)
    0x08000318   0x0000020c   Code   RO            3    .text               system_stm32f4xx.o
    0x08000524   0x00000024   Code   RO          133    .text               startup_stm32f4xx.o
    0x08000548   0x00000008   Code   RO          138    .text               rtx_conf_cm.o
    0x08000550   0x00000418   Code   RO          171    .text               main.o
    0x08000968   0x0000018c   Code   RO          343    .text               project_init.o
    0x08000af4   0x000001ac   Code   RO          370    .text               project_servo.o
    0x08000ca0   0x000000a8   Code   RO          394    .text               project_pwm.o
    0x08000d48   0x0000007e   Code   RO          424    .text               project_magnet.o
    0x08000dc6   0x00000210   Code   RO          447    .text               project_robot.o
    0x08000fd6   0x00000002   PAD
    0x08000fd8   0x000000a4   Code   RO          473    .text               project_receiver.o
    0x0800107c   0x0000008c   Code   RO          500    .text               project_pushbutton.o
    0x08001108   0x000000e4   Code   RO          548    .text               misc.o
    0x080011ec   0x0000011c   Code   RO          887    .text               stm32f4xx_exti.o
    0x08001308   0x0000025c   Code   RO          956    .text               stm32f4xx_gpio.o
    0x08001564   0x00000588   Code   RO         1105    .text               stm32f4xx_rcc.o
    0x08001aec   0x000003f4   Code   RO         1196    .text               stm32f4xx_spi.o
    0x08001ee0   0x0000008c   Code   RO         1219    .text               stm32f4xx_syscfg.o
    0x08001f6c   0x00000ca2   Code   RO         1239    .text               stm32f4xx_tim.o
    0x08002c0e   0x00000002   PAD
    0x08002c10   0x000006ac   Code   RO         1331    .text               cc2500.o
    0x080032bc   0x00000024   Code   RO         2404    .text               mc_w.l(rand.o)
    0x080032e0   0x00000024   Code   RO         2419    .text               mc_w.l(init.o)
    0x08003304   0x00000004   Code   RO         2398    SVC_TABLE           RTX_CM4.lib(SVC_Table.o)
    0x08003308   0x0000000e   Code   RO         2423    i.__scatterload_copy  mc_w.l(handlers.o)
    0x08003316   0x00000002   Code   RO         2424    i.__scatterload_null  mc_w.l(handlers.o)
    0x08003318   0x0000000e   Code   RO         2425    i.__scatterload_zeroinit  mc_w.l(handlers.o)
    0x08003326   0x00000046   Code   RO         2261    i._init_box         RTX_CM4.lib(rt_membox.o)
    0x0800336c   0x00000030   Code   RO         2314    i.dbg_init          RTX_CM4.lib(hal_cm.o)
    0x0800339c   0x00000020   Code   RO         2315    i.dbg_task_notify   RTX_CM4.lib(hal_cm.o)
    0x080033bc   0x00000010   Code   RO         2316    i.dbg_task_switch   RTX_CM4.lib(hal_cm.o)
    0x080033cc   0x0000002c   Code   RO         1360    i.isrMessagePut     RTX_CM4.lib(rt_cmsis.o)
    0x080033f8   0x00000028   Code   RO         2007    i.isr_evt_set       RTX_CM4.lib(rt_event.o)
    0x08003420   0x00000050   Code   RO         2125    i.isr_mbx_receive   RTX_CM4.lib(rt_mailbox.o)
    0x08003470   0x0000000e   Code   RO         2126    i.isr_mbx_send      RTX_CM4.lib(rt_mailbox.o)
    0x0800347e   0x00000002   PAD
    0x08003480   0x00000018   Code   RO         1361    i.osDelay           RTX_CM4.lib(rt_cmsis.o)
    0x08003498   0x00000068   Code   RO         1363    i.osKernelStart     RTX_CM4.lib(rt_cmsis.o)
    0x08003500   0x00000044   Code   RO         1371    i.osMessageGet      RTX_CM4.lib(rt_cmsis.o)
    0x08003544   0x00000018   Code   RO         1373    i.osMutexCreate     RTX_CM4.lib(rt_cmsis.o)
    0x0800355c   0x00000018   Code   RO         1374    i.osMutexRelease    RTX_CM4.lib(rt_cmsis.o)
    0x08003574   0x00000018   Code   RO         1375    i.osMutexWait       RTX_CM4.lib(rt_cmsis.o)
    0x0800358c   0x00000018   Code   RO         1383    i.osSignalClear     RTX_CM4.lib(rt_cmsis.o)
    0x080035a4   0x00000034   Code   RO         1385    i.osSignalSet       RTX_CM4.lib(rt_cmsis.o)
    0x080035d8   0x00000018   Code   RO         1386    i.osSignalWait      RTX_CM4.lib(rt_cmsis.o)
    0x080035f0   0x00000018   Code   RO         1387    i.osThreadCreate    RTX_CM4.lib(rt_cmsis.o)
    0x08003608   0x00000018   Code   RO         1388    i.osThreadExit      RTX_CM4.lib(rt_cmsis.o)
    0x08003620   0x0000000c   Code   RO         1394    i.osTimerCall       RTX_CM4.lib(rt_cmsis.o)
    0x0800362c   0x0000002c   Code   RO         1398    i.osTimerThread     RTX_CM4.lib(rt_cmsis.o)
    0x08003658   0x0000001c   Code   RO         2262    i.rt_alloc_box      RTX_CM4.lib(rt_membox.o)
    0x08003674   0x0000003c   Code   RO         2290    i.rt_alloc_mem      RTX_CM4.lib(rt_memory.o)
    0x080036b0   0x00000038   Code   RO         1882    i.rt_block          RTX_CM4.lib(rt_task.o)
    0x080036e8   0x00000048   Code   RO         2367    i.rt_chk_robin      RTX_CM4.lib(rt_robin.o)
    0x08003730   0x00000070   Code   RO         2049    i.rt_dec_dly        RTX_CM4.lib(rt_list.o)
    0x080037a0   0x00000044   Code   RO         1883    i.rt_dispatch       RTX_CM4.lib(rt_task.o)
    0x080037e4   0x00000006   Code   RO         2209    i.rt_dly_wait       RTX_CM4.lib(rt_time.o)
    0x080037ea   0x00000002   PAD
    0x080037ec   0x0000001c   Code   RO         2008    i.rt_evt_clr        RTX_CM4.lib(rt_event.o)
    0x08003808   0x00000050   Code   RO         2010    i.rt_evt_psh        RTX_CM4.lib(rt_event.o)
    0x08003858   0x0000005c   Code   RO         2011    i.rt_evt_set        RTX_CM4.lib(rt_event.o)
    0x080038b4   0x00000040   Code   RO         2012    i.rt_evt_wait       RTX_CM4.lib(rt_event.o)
    0x080038f4   0x00000020   Code   RO         2263    i.rt_free_box       RTX_CM4.lib(rt_membox.o)
    0x08003914   0x00000028   Code   RO         2291    i.rt_free_mem       RTX_CM4.lib(rt_memory.o)
    0x0800393c   0x00000028   Code   RO         2050    i.rt_get_first      RTX_CM4.lib(rt_list.o)
    0x08003964   0x00000008   Code   RO         1401    i.rt_id2obj         RTX_CM4.lib(rt_cmsis.o)
    0x0800396c   0x00000040   Code   RO         1884    i.rt_init_context   RTX_CM4.lib(rt_task.o)
    0x080039ac   0x0000001a   Code   RO         2292    i.rt_init_mem       RTX_CM4.lib(rt_memory.o)
    0x080039c6   0x00000002   PAD
    0x080039c8   0x00000018   Code   RO         2368    i.rt_init_robin     RTX_CM4.lib(rt_robin.o)
    0x080039e0   0x00000050   Code   RO         2317    i.rt_init_stack     RTX_CM4.lib(hal_cm.o)
    0x08003a30   0x00000008   Code   RO         2127    i.rt_mbx_check      RTX_CM4.lib(rt_mailbox.o)
    0x08003a38   0x0000001a   Code   RO         2128    i.rt_mbx_init       RTX_CM4.lib(rt_mailbox.o)
    0x08003a52   0x00000002   PAD
    0x08003a54   0x000000fc   Code   RO         2129    i.rt_mbx_psh        RTX_CM4.lib(rt_mailbox.o)
    0x08003b50   0x000000b4   Code   RO         2131    i.rt_mbx_wait       RTX_CM4.lib(rt_mailbox.o)
    0x08003c04   0x0000003c   Code   RO         1402    i.rt_ms2tick        RTX_CM4.lib(rt_cmsis.o)
    0x08003c40   0x00000010   Code   RO         2236    i.rt_mut_init       RTX_CM4.lib(rt_mutex.o)
    0x08003c50   0x000000a0   Code   RO         2237    i.rt_mut_release    RTX_CM4.lib(rt_mutex.o)
    0x08003cf0   0x00000064   Code   RO         2238    i.rt_mut_wait       RTX_CM4.lib(rt_mutex.o)
    0x08003d54   0x00000078   Code   RO         1961    i.rt_pop_req        RTX_CM4.lib(rt_system.o)
    0x08003dcc   0x00000020   Code   RO         1962    i.rt_psh_req        RTX_CM4.lib(rt_system.o)
    0x08003dec   0x00000058   Code   RO         2052    i.rt_psq_enq        RTX_CM4.lib(rt_list.o)
    0x08003e44   0x0000005c   Code   RO         2053    i.rt_put_dly        RTX_CM4.lib(rt_list.o)
    0x08003ea0   0x00000038   Code   RO         2054    i.rt_put_prio       RTX_CM4.lib(rt_list.o)
    0x08003ed8   0x00000014   Code   RO         2055    i.rt_put_rdy_first  RTX_CM4.lib(rt_list.o)
    0x08003eec   0x00000034   Code   RO         2056    i.rt_resort_prio    RTX_CM4.lib(rt_list.o)
    0x08003f20   0x00000010   Code   RO         2318    i.rt_ret_regs       RTX_CM4.lib(hal_cm.o)
    0x08003f30   0x0000000c   Code   RO         2319    i.rt_ret_val        RTX_CM4.lib(hal_cm.o)
    0x08003f3c   0x00000010   Code   RO         2320    i.rt_ret_val2       RTX_CM4.lib(hal_cm.o)
    0x08003f4c   0x00000028   Code   RO         2057    i.rt_rmv_dly        RTX_CM4.lib(rt_list.o)
    0x08003f74   0x00000030   Code   RO         2058    i.rt_rmv_list       RTX_CM4.lib(rt_list.o)
    0x08003fa4   0x00000034   Code   RO         2175    i.rt_sem_psh        RTX_CM4.lib(rt_semaphore.o)
    0x08003fd8   0x00000024   Code   RO         1963    i.rt_stk_check      RTX_CM4.lib(rt_system.o)
    0x08003ffc   0x00000028   Code   RO         1885    i.rt_switch_req     RTX_CM4.lib(rt_task.o)
    0x08004024   0x00000140   Code   RO         1886    i.rt_sys_init       RTX_CM4.lib(rt_task.o)
    0x08004164   0x0000003c   Code   RO         1964    i.rt_systick        RTX_CM4.lib(rt_system.o)
    0x080041a0   0x00000012   Code   RO         1403    i.rt_tid2ptcb       RTX_CM4.lib(rt_cmsis.o)
    0x080041b2   0x00000002   PAD
    0x080041b4   0x0000003c   Code   RO         1404    i.rt_timer_insert   RTX_CM4.lib(rt_cmsis.o)
    0x080041f0   0x00000080   Code   RO         1887    i.rt_tsk_create     RTX_CM4.lib(rt_task.o)
    0x08004270   0x000000ac   Code   RO         1888    i.rt_tsk_delete     RTX_CM4.lib(rt_task.o)
    0x0800431c   0x00000010   Code   RO         1891    i.rt_tsk_self       RTX_CM4.lib(rt_task.o)
    0x0800432c   0x00000014   Code   RO         1406    i.svcDelay          RTX_CM4.lib(rt_cmsis.o)
    0x08004340   0x000000d4   Code   RO         1407    i.svcKernelStart    RTX_CM4.lib(rt_cmsis.o)
    0x08004414   0x00000024   Code   RO         1409    i.svcMessageCreate  RTX_CM4.lib(rt_cmsis.o)
    0x08004438   0x0000003a   Code   RO         1410    i.svcMessageGet     RTX_CM4.lib(rt_cmsis.o)
    0x08004472   0x0000001c   Code   RO         1412    i.svcMutexCreate    RTX_CM4.lib(rt_cmsis.o)
    0x0800448e   0x00000022   Code   RO         1413    i.svcMutexRelease   RTX_CM4.lib(rt_cmsis.o)
    0x080044b0   0x00000036   Code   RO         1414    i.svcMutexWait      RTX_CM4.lib(rt_cmsis.o)
    0x080044e6   0x00000024   Code   RO         1419    i.svcSignalClear    RTX_CM4.lib(rt_cmsis.o)
    0x0800450a   0x00000024   Code   RO         1421    i.svcSignalSet      RTX_CM4.lib(rt_cmsis.o)
    0x0800452e   0x00000002   PAD
    0x08004530   0x00000054   Code   RO         1422    i.svcSignalWait     RTX_CM4.lib(rt_cmsis.o)
    0x08004584   0x00000070   Code   RO         1423    i.svcThreadCreate   RTX_CM4.lib(rt_cmsis.o)
    0x080045f4   0x0000001c   Code   RO         1424    i.svcThreadGetId    RTX_CM4.lib(rt_cmsis.o)
    0x08004610   0x00000038   Code   RO         1427    i.svcThreadTerminate  RTX_CM4.lib(rt_cmsis.o)
    0x08004648   0x00000018   Code   RO         1429    i.svcTimerCall      RTX_CM4.lib(rt_cmsis.o)
    0x08004660   0x00000054   Code   RO         1437    i.sysTimerTick      RTX_CM4.lib(rt_cmsis.o)
    0x080046b4   0x00000058   Data   RO          140    .constdata          rtx_conf_cm.o
    0x0800470c   0x00000020   Data   RO          173    .constdata          main.o
    0x0800472c   0x00000010   Data   RO          371    .constdata          project_servo.o
    0x0800473c   0x00000010   Data   RO          474    .constdata          project_receiver.o
    0x0800474c   0x00000010   Data   RO          501    .constdata          project_pushbutton.o
    0x0800475c   0x00000030   Data   RO         2421    Region$$Table       anon$$obj.o


    Execution Region RW_IRAM1 (Base: 0x10000000, Size: 0x000021f8, Max: 0x0001ffff, ABSOLUTE)

    Base Addr    Size         Type   Attr      Idx    E Section Name        Object

    0x10000000   0x000021f8   Zero   RW          139    .bss                rtx_conf_cm.o


    Execution Region RW_IRAM2 (Base: 0x20000000, Size: 0x00000568, Max: 0x0001ffff, ABSOLUTE)

    Base Addr    Size         Type   Attr      Idx    E Section Name        Object

    0x20000000   0x00000014   Data   RW            4    .data               system_stm32f4xx.o
    0x20000014   0x00000010   Data   RW          141    .data               rtx_conf_cm.o
    0x20000024   0x0000000c   Data   RW          174    .data               main.o
    0x20000030   0x00000010   Data   RW         1106    .data               stm32f4xx_rcc.o
    0x20000040   0x00000004   Data   RW         1332    .data               cc2500.o
    0x20000044   0x00000004   Data   RW         1438    .data               RTX_CM4.lib(rt_cmsis.o)
    0x20000048   0x00000008   Data   RW         1893    .data               RTX_CM4.lib(rt_task.o)
    0x20000050   0x00000003   Data   RW         1967    .data               RTX_CM4.lib(rt_system.o)
    0x20000053   0x00000001   PAD
    0x20000054   0x00000002   Data   RW         2212    .data               RTX_CM4.lib(rt_time.o)
    0x20000056   0x00000001   Data   RW         2321    .data               RTX_CM4.lib(hal_cm.o)
    0x20000057   0x00000001   PAD
    0x20000058   0x00000008   Data   RW         2369    .data               RTX_CM4.lib(rt_robin.o)
    0x20000060   0x00000004   Data   RW         2405    .data               mc_w.l(rand.o)
    0x20000064   0x000000a4   Zero   RW          172    .bss                main.o
    0x20000108   0x00000030   Zero   RW         1892    .bss                RTX_CM4.lib(rt_task.o)
    0x20000138   0x00000030   Zero   RW         2059    .bss                RTX_CM4.lib(rt_list.o)
    0x20000168   0x00000400   Zero   RW          130    STACK               startup_stm32f4xx.o


==============================================================================

Image component sizes


      Code (inc. data)   RO Data    RW Data    ZI Data      Debug   Object Name

      1708         18          0          4          0       5621   cc2500.o
      1048         72         32         12        164     256686   main.o
       228         22          0          0          0       3621   misc.o
       396         16          0          0          0       1248   project_init.o
       126          0          0          0          0       1818   project_magnet.o
       140          8         16          0          0       1795   project_pushbutton.o
       168          8          0          0          0        688   project_pwm.o
       164          4         16          0          0       2159   project_receiver.o
       528         26          0          0          0       4058   project_robot.o
       428         26         16          0          0       3088   project_servo.o
        24          6         88         16       8696       6528   rtx_conf_cm.o
        36          8        392          0       1024        784   startup_stm32f4xx.o
       284         10          0          0          0       4803   stm32f4xx_exti.o
       604         36          0          0          0      10533   stm32f4xx_gpio.o
      1416         48          0         16          0      23963   stm32f4xx_rcc.o
      1012         22          0          0          0      14961   stm32f4xx_spi.o
       140         12          0          0          0       1703   stm32f4xx_syscfg.o
      3234         60          0          0          0      42180   stm32f4xx_tim.o
       524         44          0         20          0     233175   system_stm32f4xx.o

    ----------------------------------------------------------------------
     12212        446        608         68       9884     619412   Object Totals
         0          0         48          0          0          0   (incl. Generated)
         4          0          0          0          0          0   (incl. Padding)

    ----------------------------------------------------------------------

      Code (inc. data)   RO Data    RW Data    ZI Data      Debug   Library Member Name

         4          4          0          0          0        132   SVC_Table.o
       220         24          0          1          0       3876   hal_cm.o
       372         32          0          0          0        616   hal_cm4.o
      1564        166          0          4          0      34593   rt_cmsis.o
       304         26          0          0          0       3059   rt_event.o
       548         36          0          0         48       7201   rt_list.o
       560         10          0          0          0       3829   rt_mailbox.o
       130          0          0          0          0       1837   rt_membox.o
       126          0          0          0          0       2159   rt_memory.o
       276         14          0          0          0       1869   rt_mutex.o
        96         24          0          8          0       1042   rt_robin.o
        52          4          0          0          0        557   rt_semaphore.o
       248         44          0          3          0       2066   rt_system.o
       864        154          0          8         48       7224   rt_task.o
         6          0          0          2          0        572   rt_time.o
         0          0          0          0          0          0   entry.o
         0          0          0          0          0          0   entry10a.o
         0          0          0          0          0          0   entry11a.o
         8          4          0          0          0          0   entry2.o
         4          0          0          0          0          0   entry5.o
         0          0          0          0          0          0   entry7b.o
         0          0          0          0          0          0   entry8b.o
        30          0          0          0          0          0   handlers.o
        36          8          0          0          0         68   init.o
        36         10          0          4          0        136   rand.o

    ----------------------------------------------------------------------
      5496        560          0         32         96      70836   Library Totals
        12          0          0          2          0          0   (incl. Padding)

    ----------------------------------------------------------------------

      Code (inc. data)   RO Data    RW Data    ZI Data      Debug   Library Name

      5370        538          0         26         96      70632   RTX_CM4.lib
       114         22          0          4          0        204   mc_w.l

    ----------------------------------------------------------------------
      5496        560          0         32         96      70836   Library Totals

    ----------------------------------------------------------------------

==============================================================================


      Code (inc. data)   RO Data    RW Data    ZI Data      Debug   

     17708       1006        608        100       9980     678548   Grand Totals
     17708       1006        608        100       9980     678548   ELF Image Totals
     17708       1006        608        100          0          0   ROM Totals

==============================================================================

    Total RO  Size (Code + RO Data)                18316 (  17.89kB)
    Total RW  Size (RW Data + ZI Data)             10080 (   9.84kB)
    Total ROM Size (Code + RO Data + RW Data)      18416 (  17.98kB)

==============================================================================

